Component: ARM Compiler 5.06 update 7 (build 960) Tool: armlink [4d3601]

==============================================================================

Section Cross References

    startup_stm32f103xb.o(STACK) refers (Special) to heapauxi.o(.text) for __use_two_region_memory
    startup_stm32f103xb.o(HEAP) refers (Special) to heapauxi.o(.text) for __use_two_region_memory
    startup_stm32f103xb.o(RESET) refers (Special) to heapauxi.o(.text) for __use_two_region_memory
    startup_stm32f103xb.o(RESET) refers to startup_stm32f103xb.o(STACK) for __initial_sp
    startup_stm32f103xb.o(RESET) refers to startup_stm32f103xb.o(.text) for Reset_Handler
    startup_stm32f103xb.o(RESET) refers to stm32f1xx_it.o(i.NMI_Handler) for NMI_Handler
    startup_stm32f103xb.o(RESET) refers to stm32f1xx_it.o(i.HardFault_Handler) for HardFault_Handler
    startup_stm32f103xb.o(RESET) refers to stm32f1xx_it.o(i.MemManage_Handler) for MemManage_Handler
    startup_stm32f103xb.o(RESET) refers to stm32f1xx_it.o(i.BusFault_Handler) for BusFault_Handler
    startup_stm32f103xb.o(RESET) refers to stm32f1xx_it.o(i.UsageFault_Handler) for UsageFault_Handler
    startup_stm32f103xb.o(RESET) refers to stm32f1xx_it.o(i.SVC_Handler) for SVC_Handler
    startup_stm32f103xb.o(RESET) refers to stm32f1xx_it.o(i.DebugMon_Handler) for DebugMon_Handler
    startup_stm32f103xb.o(RESET) refers to stm32f1xx_it.o(i.PendSV_Handler) for PendSV_Handler
    startup_stm32f103xb.o(RESET) refers to stm32f1xx_it.o(i.SysTick_Handler) for SysTick_Handler
    startup_stm32f103xb.o(RESET) refers to stm32f1xx_it.o(i.TIM1_UP_IRQHandler) for TIM1_UP_IRQHandler
    startup_stm32f103xb.o(RESET) refers to stm32f1xx_it.o(i.TIM3_IRQHandler) for TIM3_IRQHandler
    startup_stm32f103xb.o(RESET) refers to stm32f1xx_it.o(i.USART1_IRQHandler) for USART1_IRQHandler
    startup_stm32f103xb.o(RESET) refers to stm32f1xx_it.o(i.EXTI15_10_IRQHandler) for EXTI15_10_IRQHandler
    startup_stm32f103xb.o(.text) refers (Special) to heapauxi.o(.text) for __use_two_region_memory
    startup_stm32f103xb.o(.text) refers to system_stm32f1xx.o(i.SystemInit) for SystemInit
    startup_stm32f103xb.o(.text) refers to __main.o(!!!main) for __main
    startup_stm32f103xb.o(.text) refers to startup_stm32f103xb.o(HEAP) for Heap_Mem
    startup_stm32f103xb.o(.text) refers to startup_stm32f103xb.o(STACK) for Stack_Mem
    motor_control.o(i.Motor_control_step) refers to d2f.o(x$fpl$d2f) for __aeabi_d2f
    motor_control.o(i.Motor_control_step) refers to faddsub_clz.o(x$fpl$fsub) for __aeabi_fsub
    motor_control.o(i.Motor_control_step) refers to f2d.o(x$fpl$f2d) for __aeabi_f2d
    motor_control.o(i.Motor_control_step) refers to dmul.o(x$fpl$dmul) for __aeabi_dmul
    motor_control.o(i.Motor_control_step) refers to daddsub_clz.o(x$fpl$dadd) for __aeabi_dadd
    motor_control.o(i.Motor_control_step) refers to drleqf.o(x$fpl$drleqf) for __aeabi_cdrcmple
    motor_control.o(i.Motor_control_step) refers to dleqf.o(x$fpl$dleqf) for __aeabi_cdcmple
    motor_control.o(i.Motor_control_step) refers to dflt_clz.o(x$fpl$dflt) for __aeabi_i2d
    motor_control.o(i.Motor_control_step) refers to scalbn.o(x$fpl$scalbn) for __ARM_scalbn
    motor_control.o(i.Motor_control_step) refers to ddiv.o(x$fpl$ddiv) for __aeabi_ddiv
    motor_control.o(i.Motor_control_step) refers to sin.o(i.sin) for sin
    motor_control.o(i.Motor_control_step) refers to daddsub_clz.o(x$fpl$dsub) for __aeabi_dsub
    motor_control.o(i.Motor_control_step) refers to daddsub_clz.o(x$fpl$drsb) for __aeabi_drsub
    motor_control.o(i.Motor_control_step) refers to motor_control.o(.data) for .data
    motor_control.o(i.Motor_control_step) refers to motor_control.o(.bss) for .bss
    main.o(i.HAL_GPIO_EXTI_Callback) refers to main.o(.data) for .data
    main.o(i.HAL_TIM_PeriodElapsedCallback) refers to main.o(.data) for .data
    main.o(i.HAL_UART_RxCpltCallback) refers to stm32f1xx_hal_uart.o(i.HAL_UART_Receive_IT) for HAL_UART_Receive_IT
    main.o(i.HAL_UART_RxCpltCallback) refers to main.o(.data) for .data
    main.o(i.HAL_UART_RxCpltCallback) refers to main.o(.bss) for .bss
    main.o(i.MX_GPIO_Init) refers to stm32f1xx_hal_gpio.o(i.HAL_GPIO_WritePin) for HAL_GPIO_WritePin
    main.o(i.MX_GPIO_Init) refers to stm32f1xx_hal_gpio.o(i.HAL_GPIO_Init) for HAL_GPIO_Init
    main.o(i.MX_GPIO_Init) refers to stm32f1xx_hal_cortex.o(i.HAL_NVIC_SetPriority) for HAL_NVIC_SetPriority
    main.o(i.MX_GPIO_Init) refers to stm32f1xx_hal_cortex.o(i.HAL_NVIC_EnableIRQ) for HAL_NVIC_EnableIRQ
    main.o(i.MX_TIM1_Init) refers to stm32f1xx_hal_tim.o(i.HAL_TIM_Base_Init) for HAL_TIM_Base_Init
    main.o(i.MX_TIM1_Init) refers to stm32f1xx_hal_tim.o(i.HAL_TIM_ConfigClockSource) for HAL_TIM_ConfigClockSource
    main.o(i.MX_TIM1_Init) refers to stm32f1xx_hal_tim_ex.o(i.HAL_TIMEx_MasterConfigSynchronization) for HAL_TIMEx_MasterConfigSynchronization
    main.o(i.MX_TIM1_Init) refers to main.o(.bss) for .bss
[...]
    x$fpl$dcheck1                            0x08004e44   Section       16  dcheck1.o(x$fpl$dcheck1)
    x$fpl$dcmpinf                            0x08004e54   Section       24  dcmpi.o(x$fpl$dcmpinf)
    x$fpl$ddiv                               0x08004e6c   Section      688  ddiv.o(x$fpl$ddiv)
    ddiv_entry                               0x08004e73   Thumb Code     0  ddiv.o(x$fpl$ddiv)
    x$fpl$deqf                               0x0800511c   Section      120  deqf.o(x$fpl$deqf)
    x$fpl$dfix                               0x08005194   Section       94  dfix.o(x$fpl$dfix)
    x$fpl$dfixu                              0x080051f4   Section       90  dfixu.o(x$fpl$dfixu)
    x$fpl$dflt                               0x0800524e   Section       46  dflt_clz.o(x$fpl$dflt)
    x$fpl$dfltu                              0x0800527c   Section       38  dflt_clz.o(x$fpl$dfltu)
    x$fpl$dleqf                              0x080052a4   Section      120  dleqf.o(x$fpl$dleqf)
    x$fpl$dmul                               0x0800531c   Section      340  dmul.o(x$fpl$dmul)
    x$fpl$dnaninf                            0x08005470   Section      156  dnaninf.o(x$fpl$dnaninf)
    x$fpl$dretinf                            0x0800550c   Section       12  dretinf.o(x$fpl$dretinf)
    x$fpl$drleqf                             0x08005518   Section      108  drleqf.o(x$fpl$drleqf)
    x$fpl$drnd                               0x08005584   Section      180  drnd.o(x$fpl$drnd)
    x$fpl$drsb                               0x08005638   Section       22  daddsub_clz.o(x$fpl$drsb)
    x$fpl$dsub                               0x08005650   Section      468  daddsub_clz.o(x$fpl$dsub)
    _dsub1                                   0x08005661   Thumb Code     0  daddsub_clz.o(x$fpl$dsub)
    x$fpl$f2d                                0x08005824   Section       86  f2d.o(x$fpl$f2d)
    x$fpl$fadd                               0x0800587c   Section      196  faddsub_clz.o(x$fpl$fadd)
    _fadd1                                   0x0800588b   Thumb Code     0  faddsub_clz.o(x$fpl$fadd)
    x$fpl$fcmpinf                            0x08005940   Section       24  fcmpi.o(x$fpl$fcmpinf)
    x$fpl$fdiv                               0x08005958   Section      388  fdiv.o(x$fpl$fdiv)
    _fdiv1                                   0x08005959   Thumb Code     0  fdiv.o(x$fpl$fdiv)
    x$fpl$ffltu                              0x08005adc   Section       38  fflt_clz.o(x$fpl$ffltu)
    x$fpl$fleqf                              0x08005b04   Section      104  fleqf.o(x$fpl$fleqf)
    x$fpl$fmul                               0x08005b6c   Section      258  fmul.o(x$fpl$fmul)
    x$fpl$fnaninf                            0x08005c6e   Section      140  fnaninf.o(x$fpl$fnaninf)
    x$fpl$fretinf                            0x08005cfa   Section       10  fretinf.o(x$fpl$fretinf)
    x$fpl$fsub                               0x08005d04   Section      234  faddsub_clz.o(x$fpl$fsub)
    _fsub1                                   0x08005d13   Thumb Code     0  faddsub_clz.o(x$fpl$fsub)
    x$fpl$ieeestatus                         0x08005dee   Section        6  istatus.o(x$fpl$ieeestatus)
    x$fpl$printf1                            0x08005df4   Section        4  printf1.o(x$fpl$printf1)
    x$fpl$retnan                             0x08005df8   Section      100  retnan.o(x$fpl$retnan)
    x$fpl$scalbn                             0x08005e5c   Section       92  scalbn.o(x$fpl$scalbn)
    x$fpl$scanf1                             0x08005eb8   Section        4  scanf1.o(x$fpl$scanf1)
    x$fpl$scanf2                             0x08005ebc   Section        8  scanf2.o(x$fpl$scanf2)
    x$fpl$trapveneer                         0x08005ec4   Section       48  trapv.o(x$fpl$trapveneer)
    .constdata                               0x08005ef4   Section       18  stm32f1xx_hal_rcc.o(.constdata)
    x$fpl$usenofp                            0x08005ef4   Section        0  usenofp.o(x$fpl$usenofp)
    aPredivFactorTable                       0x08005ef4   Data           2  stm32f1xx_hal_rcc.o(.constdata)
    aPLLMULFactorTable                       0x08005ef6   Data          16  stm32f1xx_hal_rcc.o(.constdata)
    .constdata                               0x08005f06   Section       16  system_stm32f1xx.o(.constdata)
    .constdata                               0x08005f16   Section        8  system_stm32f1xx.o(.constdata)
    .constdata                               0x08005f20   Section       48  cos_i.o(.constdata)
    C                                        0x08005f20   Data          48  cos_i.o(.constdata)
    .constdata                               0x08005f50   Section      200  rred.o(.constdata)
    pio2s                                    0x08005f50   Data          48  rred.o(.constdata)
    twooverpi                                0x08005f80   Data         152  rred.o(.constdata)
    .constdata                               0x08006018   Section       40  sin_i.o(.constdata)
    S                                        0x08006018   Data          40  sin_i.o(.constdata)
    .constdata                               0x08006040   Section      148  bigflt0.o(.constdata)
    tenpwrs_x                                0x08006040   Data          60  bigflt0.o(.constdata)
    tenpwrs_i                                0x0800607c   Data          64  bigflt0.o(.constdata)
    c$$dinf                                  0x080060f4   Section        8  fpconst.o(c$$dinf)
    c$$dmax                                  0x080060fc   Section        8  fpconst.o(c$$dmax)
    locale$$data                             0x08006104   Section       28  lc_numeric_c.o(locale$$data)
    __lcnum_c_name                           0x08006108   Data           2  lc_numeric_c.o(locale$$data)
    __lcnum_c_start                          0x08006110   Data           0  lc_numeric_c.o(locale$$data)
    __lcnum_c_point                          0x0800611c   Data           0  lc_numeric_c.o(locale$$data)
    __lcnum_c_thousands                      0x0800611e   Data           0  lc_numeric_c.o(locale$$data)
    __lcnum_c_grouping                       0x0800611f   Data           0  lc_numeric_c.o(locale$$data)
    locale$$data                             0x08006120   Section      272  lc_ctype_c.o(locale$$data)
    __lcnum_c_end                            0x08006120   Data           0  lc_numeric_c.o(locale$$data)
    __lcctype_c_name                         0x08006124   Data           2  lc_ctype_c.o(locale$$data)
    __lcctype_c_start                        0x0800612c   Data           0  lc_ctype_c.o(locale$$data)
    __lcctype_c_end                          0x08006230   Data           0  lc_ctype_c.o(locale$$data)
    .data                                    0x20000000   Section      112  motor_control.o(.data)
    .data                                    0x20000070   Section       40  main.o(.data)
    .data                                    0x20000098   Section       12  stm32f1xx_hal.o(.data)
    .data                                    0x200000a4   Section        4  system_stm32f1xx.o(.data)
    .data                                    0x200000a8   Section        4  strtok.o(.data)
    _strtok_saves1                           0x200000a8   Data           4  strtok.o(.data)
    .bss                                     0x200000b0   Section       88  motor_control.o(.bss)
    .bss                                     0x20000108   Section      388  main.o(.bss)
    .bss                                     0x2000028c   Section       96  libspace.o(.bss)
    HEAP                                     0x200002f0   Section      512  startup_stm32f103xb.o(HEAP)
    Heap_Mem                                 0x200002f0   Data         512  startup_stm32f103xb.o(HEAP)
    STACK                                    0x200004f0   Section     1024  startup_stm32f103xb.o(STACK)
    Stack_Mem                                0x200004f0   Data        1024  startup_stm32f103xb.o(STACK)
    __initial_sp                             0x200008f0   Data           0  startup_stm32f103xb.o(STACK)

    Global Symbols

    Symbol Name                              Value     Ov Type        Size  Object(Section)

    BuildAttributes$$THM_ISAv4$P$D$K$B$S$PE$A:L22UL41UL21$X:L11$S22US41US21$IEEE1$IW$USESV6$~STKCKD$USESV7$~SHL$OTIME$ROPI$IEEEX$EBA8$UX$STANDARDLIB$REQ8$PRES8$EABIv2 0x00000000   Number         0  anon$$obj.o ABSOLUTE
    __ARM_use_no_argv                        0x00000000   Number         0  main.o ABSOLUTE
    _printf_flags                            0x00000000   Number         0  printf_stubs.o ABSOLUTE
    _printf_return_value                     0x00000000   Number         0  printf_stubs.o ABSOLUTE
    _printf_sizespec                         0x00000000   Number         0  printf_stubs.o ABSOLUTE
    _printf_widthprec                        0x00000000   Number         0  printf_stubs.o ABSOLUTE
    __ARM_exceptions_init                     - Undefined Weak Reference
    __alloca_initialize                       - Undefined Weak Reference
    __arm_fini_                               - Undefined Weak Reference
    __arm_preinit_                            - Undefined Weak Reference
    __cpp_initialize__aeabi_                  - Undefined Weak Reference
    __cxa_finalize                            - Undefined Weak Reference
    __sigvec_lookup                           - Undefined Weak Reference
    _atexit_init                              - Undefined Weak Reference
    _call_atexit_fns                          - Undefined Weak Reference
    _clock_init                               - Undefined Weak Reference
    _fp_trap_init                             - Undefined Weak Reference
    _fp_trap_shutdown                         - Undefined Weak Reference
    _get_lc_collate                           - Undefined Weak Reference
    _get_lc_monetary                          - Undefined Weak Reference
    _get_lc_time                              - Undefined Weak Reference
    _getenv_init                              - Undefined Weak Reference
    _handle_redirection                       - Undefined Weak Reference
    _init_alloc                               - Undefined Weak Reference
    _init_user_alloc                          - Undefined Weak Reference
    _initio                                   - Undefined Weak Reference
    _printf_post_padding                      - Undefined Weak Reference
    _printf_pre_padding                       - Undefined Weak Reference
    _rand_init                                - Undefined Weak Reference
    _signal_finish                            - Undefined Weak Reference
    _signal_init                              - Undefined Weak Reference
    _terminate_alloc                          - Undefined Weak Reference
    _terminate_user_alloc                     - Undefined Weak Reference
    _terminateio                              - Undefined Weak Reference
    __Vectors_Size                           0x000000ec   Number         0  startup_stm32f103xb.o ABSOLUTE
    __Vectors                                0x08000000   Data           4  startup_stm32f103xb.o(RESET)
    __Vectors_End                            0x080000ec   Data           0  startup_stm32f103xb.o(RESET)
    __main                                   0x080000ed   Thumb Code     8  __main.o(!!!main)
    __scatterload                            0x080000f5   Thumb Code     0  __scatter.o(!!!scatter)
    __scatterload_rt2                        0x080000f5   Thumb Code    44  __scatter.o(!!!scatter)
    __scatterload_rt2_thumb_only             0x080000f5   Thumb Code     0  __scatter.o(!!!scatter)
    __scatterload_null                       0x08000103   Thumb Code     0  __scatter.o(!!!scatter)
    __scatterload_copy                       0x08000129   Thumb Code    26  __scatter_copy.o(!!handler_copy)
    __scatterload_zeroinit                   0x08000145   Thumb Code    28  __scatter_zi.o(!!handler_zi)
    _printf_f                                0x08000161   Thumb Code     0  _printf_f.o(.ARM.Collect$$_printf_percent$$00000003)
    _printf_percent                          0x08000161   Thumb Code     0  _printf_percent.o(.ARM.Collect$$_printf_percent$$00000000)
    _printf_percent_end                      0x08000167   Thumb Code     0  _printf_percent_end.o(.ARM.Collect$$_printf_percent$$00000017)
    __rt_lib_init                            0x0800016b   Thumb Code     0  libinit.o(.ARM.Collect$$libinit$$00000000)
    __rt_lib_init_fp_1                       0x0800016d   Thumb Code     0  libinit2.o(.ARM.Collect$$libinit$$00000002)
    __rt_lib_init_heap_1                     0x0800016d   Thumb Code     0  libinit2.o(.ARM.Collect$$libinit$$0000000A)
    __rt_lib_init_lc_common                  0x0800016d   Thumb Code     0  libinit2.o(.ARM.Collect$$libinit$$0000000F)
    __rt_lib_init_preinit_1                  0x0800016d   Thumb Code     0  libinit2.o(.ARM.Collect$$libinit$$00000004)
    __rt_lib_init_rand_1                     0x0800016d   Thumb Code     0  libinit2.o(.ARM.Collect$$libinit$$0000000E)
    __rt_lib_init_user_alloc_1               0x0800016d   Thumb Code     0  libinit2.o(.ARM.Collect$$libinit$$0000000C)
    __rt_lib_init_lc_collate_1               0x08000173   Thumb Code     0  libinit2.o(.ARM.Collect$$libinit$$00000011)
    __rt_lib_init_lc_ctype_2                 0x08000173   Thumb Code     0  libinit2.o(.ARM.Collect$$libinit$$00000012)
    __rt_lib_init_lc_ctype_1                 0x0800017f   Thumb Code     0  libinit2.o(.ARM.Collect$$libinit$$00000013)
    __rt_lib_init_lc_monetary_1              0x0800017f   Thumb Code     0  libinit2.o(.ARM.Collect$$libinit$$00000015)
    __rt_lib_init_lc_numeric_2               0x0800017f   Thumb Code     0  libinit2.o(.ARM.Collect$$libinit$$00000016)
    __rt_lib_init_alloca_1                   0x08000189   Thumb Code     0  libinit2.o(.ARM.Collect$$libinit$$0000002E)
    __rt_lib_init_argv_1                     0x08000189   Thumb Code     0  libinit2.o(.ARM.Collect$$libinit$$0000002C)
    __rt_lib_init_atexit_1                   0x08000189   Thumb Code     0  libinit2.o(.ARM.Collect$$libinit$$0000001B)
    __rt_lib_init_clock_1                    0x08000189   Thumb Code     0  libinit2.o(.ARM.Collect$$libinit$$00000021)
    __rt_lib_init_cpp_1                      0x08000189   Thumb Code     0  libinit2.o(.ARM.Collect$$libinit$$00000032)
    __rt_lib_init_exceptions_1               0x08000189   Thumb Code     0  libinit2.o(.ARM.Collect$$libinit$$00000030)
    __rt_lib_init_fp_trap_1                  0x08000189   Thumb Code     0  libinit2.o(.ARM.Collect$$libinit$$0000001F)
    __rt_lib_init_getenv_1                   0x08000189   Thumb Code     0  libinit2.o(.ARM.Collect$$libinit$$00000023)
    __rt_lib_init_lc_numeric_1               0x08000189   Thumb Code     0  libinit2.o(.ARM.Collect$$libinit$$00000017)
    __rt_lib_init_lc_time_1                  0x08000189   Thumb Code     0  libinit2.o(.ARM.Collect$$libinit$$00000019)
    __rt_lib_init_return                     0x08000189   Thumb Code     0  libinit2.o(.ARM.Collect$$libinit$$00000033)
    __rt_lib_init_signal_1                   0x08000189   Thumb Code     0  libinit2.o(.ARM.Collect$$libinit$$0000001D)
    __rt_lib_init_stdio_1                    0x08000189   Thumb Code     0  libinit2.o(.ARM.Collect$$libinit$$00000025)
    __rt_lib_shutdown                        0x0800018b   Thumb Code     0  libshutdown.o(.ARM.Collect$$libshutdown$$00000000)
    __rt_lib_shutdown_cpp_1                  0x0800018d   Thumb Code     0  libshutdown2.o(.ARM.Collect$$libshutdown$$00000004)
    __rt_lib_shutdown_fini_1                 0x0800018d   Thumb Code     0  libshutdown2.o(.ARM.Collect$$libshutdown$$00000002)
    __rt_lib_shutdown_fp_trap_1              0x0800018d   Thumb Code     0  libshutdown2.o(.ARM.Collect$$libshutdown$$00000009)
    __rt_lib_shutdown_heap_1                 0x0800018d   Thumb Code     0  libshutdown2.o(.ARM.Collect$$libshutdown$$00000011)
    __rt_lib_shutdown_return                 0x0800018d   Thumb Code     0  libshutdown2.o(.ARM.Collect$$libshutdown$$00000012)
    __rt_lib_shutdown_signal_1               0x0800018d   Thumb Code     0  libshutdown2.o(.ARM.Collect$$libshutdown$$0000000C)
    __rt_lib_shutdown_stdio_1                0x0800018d   Thumb Code     0  libshutdown2.o(.ARM.Collect$$libshutdown$$00000006)
    __rt_lib_shutdown_user_alloc_1           0x0800018d   Thumb Code     0  libshutdown2.o(.ARM.Collect$$libshutdown$$0000000E)
    __rt_entry                               0x0800018f   Thumb Code     0  __rtentry.o(.ARM.Collect$$rtentry$$00000000)
    __rt_entry_presh_1                       0x0800018f   Thumb Code     0  __rtentry2.o(.ARM.Collect$$rtentry$$00000002)
    __rt_entry_sh                            0x0800018f   Thumb Code     0  __rtentry4.o(.ARM.Collect$$rtentry$$00000004)
    __rt_entry_li                            0x08000195   Thumb Code     0  __rtentry2.o(.ARM.Collect$$rtentry$$0000000A)
    __rt_entry_postsh_1                      0x08000195   Thumb Code     0  __rtentry2.o(.ARM.Collect$$rtentry$$00000009)
    __rt_entry_main                          0x08000199   Thumb Code     0  __rtentry2.o(.ARM.Collect$$rtentry$$0000000D)
    __rt_entry_postli_1                      0x08000199   Thumb Code     0  __rtentry2.o(.ARM.Collect$$rtentry$$0000000C)
    __rt_exit                                0x080001a1   Thumb Code     0  rtexit.o(.ARM.Collect$$rtexit$$00000000)
    __rt_exit_ls                             0x080001a3   Thumb Code     0  rtexit2.o(.ARM.Collect$$rtexit$$00000003)
    __rt_exit_prels_1                        0x080001a3   Thumb Code     0  rtexit2.o(.ARM.Collect$$rtexit$$00000002)
    __rt_exit_exit                           0x080001a7   Thumb Code     0  rtexit2.o(.ARM.Collect$$rtexit$$00000004)
    Reset_Handler                            0x080001ad   Thumb Code     8  startup_stm32f103xb.o(.text)
    ADC1_2_IRQHandler                        0x080001c7   Thumb Code     0  startup_stm32f103xb.o(.text)
    CAN1_RX1_IRQHandler                      0x080001c7   Thumb Code     0  startup_stm32f103xb.o(.text)
    CAN1_SCE_IRQHandler                      0x080001c7   Thumb Code     0  startup_stm32f103xb.o(.text)
    DMA1_Channel1_IRQHandler                 0x080001c7   Thumb Code     0  startup_stm32f103xb.o(.text)
    DMA1_Channel2_IRQHandler                 0x080001c7   Thumb Code     0  startup_stm32f103xb.o(.text)
    DMA1_Channel3_IRQHandler                 0x080001c7   Thumb Code     0  startup_stm32f103xb.o(.text)
    DMA1_Channel4_IRQHandler                 0x080001c7   Thumb Code     0  startup_stm32f103xb.o(.text)
    DMA1_Channel5_IRQHandler                 0x080001c7   Thumb Code     0  startup_stm32f103xb.o(.text)
    DMA1_Channel6_IRQHandler                 0x080001c7   Thumb Code     0  startup_stm32f103xb.o(.text)
    DMA1_Channel7_IRQHandler                 0x080001c7   Thumb Code     0  startup_stm32f103xb.o(.text)
    EXTI0_IRQHandler                         0x080001c7   Thumb Code     0  startup_stm32f103xb.o(.text)
    EXTI1_IRQHandler                         0x080001c7   Thumb Code     0  startup_stm32f103xb.o(.text)
    EXTI2_IRQHandler                         0x080001c7   Thumb Code     0  startup_stm32f103xb.o(.text)
    EXTI3_IRQHandler                         0x080001c7   Thumb Code     0  startup_stm32f103xb.o(.text)
    EXTI4_IRQHandler                         0x080001c7   Thumb Code     0  startup_stm32f103xb.o(.text)
    EXTI9_5_IRQHandler                       0x080001c7   Thumb Code     0  startup_stm32f103xb.o(.text)
    FLASH_IRQHandler                         0x080001c7   Thumb Code     0  startup_stm32f103xb.o(.text)
    I2C1_ER_IRQHandler                       0x080001c7   Thumb Code     0  startup_stm32f103xb.o(.text)
    I2C1_EV_IRQHandler                       0x080001c7   Thumb Code     0  startup_stm32f103xb.o(.text)
    I2C2_ER_IRQHandler                       0x080001c7   Thumb Code     0  startup_stm32f103xb.o(.text)
    I2C2_EV_IRQHandler                       0x080001c7   Thumb Code     0  startup_stm32f103xb.o(.text)
    PVD_IRQHandler                           0x080001c7   Thumb Code     0  startup_stm32f103xb.o(.text)
    RCC_IRQHandler                           0x080001c7   Thumb Code     0  startup_stm32f103xb.o(.text)
    RTC_Alarm_IRQHandler                     0x080001c7   Thumb Code     0  startup_stm32f103xb.o(.text)
    RTC_IRQHandler                           0x080001c7   Thumb Code     0  startup_stm32f103xb.o(.text)
    SPI1_IRQHandler                          0x080001c7   Thumb Code     0  startup_stm32f103xb.o(.text)
    SPI2_IRQHandler                          0x080001c7   Thumb Code     0  startup_stm32f103xb.o(.text)
    TAMPER_IRQHandler                        0x080001c7   Thumb Code     0  startup_stm32f103xb.o(.text)
    TIM1_BRK_IRQHandler                      0x080001c7   Thumb Code     0  startup_stm32f103xb.o(.text)
    TIM1_CC_IRQHandler                       0x080001c7   Thumb Code     0  startup_stm32f103xb.o(.text)
    TIM1_TRG_COM_IRQHandler                  0x080001c7   Thumb Code     0  startup_stm32f103xb.o(.text)
    TIM2_IRQHandler                          0x080001c7   Thumb Code     0  startup_stm32f103xb.o(.text)
    TIM4_IRQHandler                          0x080001c7   Thumb Code     0  startup_stm32f103xb.o(.text)
    USART2_IRQHandler                        0x080001c7   Thumb Code     0  startup_stm32f103xb.o(.text)
    USART3_IRQHandler                        0x080001c7   Thumb Code     0  startup_stm32f103xb.o(.text)
    USBWakeUp_IRQHandler                     0x080001c7   Thumb Code     0  startup_stm32f103xb.o(.text)
    USB_HP_CAN1_TX_IRQHandler                0x080001c7   Thumb Code     0  startup_stm32f103xb.o(.text)
    USB_LP_CAN1_RX0_IRQHandler               0x080001c7   Thumb Code     0  startup_stm32f103xb.o(.text)
    WWDG_IRQHandler                          0x080001c7   Thumb Code     0  startup_stm32f103xb.o(.text)
    __user_initial_stackheap                 0x080001c9   Thumb Code     0  startup_stm32f103xb.o(.text)
    __2sprintf                               0x080001ed   Thumb Code    38  __2sprintf.o(.text)
    __printf                                 0x08000219   Thumb Code   270  __printf_wp.o(.text)
    atoi                                     0x08000327   Thumb Code    26  atoi.o(.text)
    strtok                                   0x08000341   Thumb Code     6  strtok.o(.text)
    __aeabi_memclr4                          0x0800034d   Thumb Code     0  rt_memclr_w.o(.text)
    __aeabi_memclr8                          0x0800034d   Thumb Code     0  rt_memclr_w.o(.text)
    __rt_memclr_w                            0x0800034d   Thumb Code    78  rt_memclr_w.o(.text)
    _memset_w                                0x08000351   Thumb Code     0  rt_memclr_w.o(.text)
    __use_two_region_memory                  0x0800039b   Thumb Code     2  heapauxi.o(.text)
    __rt_heap_escrow$2region                 0x0800039d   Thumb Code     2  heapauxi.o(.text)
    __rt_heap_expand$2region                 0x0800039f   Thumb Code     2  heapauxi.o(.text)
    __aeabi_errno_addr                       0x080003a1   Thumb Code     8  rt_errno_addr_intlibspace.o(.text)
    __errno$intlibspace                      0x080003a1   Thumb Code     0  rt_errno_addr_intlibspace.o(.text)
    __rt_errno_addr$intlibspace              0x080003a1   Thumb Code     0  rt_errno_addr_intlibspace.o(.text)
    __read_errno                             0x080003a9   Thumb Code    10  _rserrno.o(.text)
    __set_errno                              0x080003b3   Thumb Code    12  _rserrno.o(.text)
    __lib_sel_fp_printf                      0x080003bf   Thumb Code     2  _printf_fp_dec.o(.text)
    _printf_fp_dec_real                      0x08000571   Thumb Code   620  _printf_fp_dec.o(.text)
    _printf_char_common                      0x080007e7   Thumb Code    32  _printf_char_common.o(.text)
    _sputc                                   0x0800080d   Thumb Code    10  _sputc.o(.text)
    __strtod_int                             0x08000855   Thumb Code    90  strtod.o(.text)
    strtol                                   0x080008bd   Thumb Code   112  strtol.o(.text)
    __strtok_internal                        0x0800092d   Thumb Code    64  strtok_int.o(.text)
    __user_libspace                          0x08000971   Thumb Code     8  libspace.o(.text)
    __user_perproc_libspace                  0x08000971   Thumb Code     0  libspace.o(.text)
    __user_perthread_libspace                0x08000971   Thumb Code     0  libspace.o(.text)
    __rt_ctype_table                         0x08000979   Thumb Code    16  rt_ctype_table.o(.text)
    __rt_locale                              0x08000989   Thumb Code     8  rt_locale_intlibspace.o(.text)
    _ll_udiv10                               0x08000991   Thumb Code   138  lludiv10.o(.text)
    isspace                                  0x08000a1b   Thumb Code    18  isspace.o(.text)
    _printf_fp_infnan                        0x08000a2d   Thumb Code   112  _printf_fp_infnan.o(.text)
    _sgetc                                   0x08000aad   Thumb Code    30  _sgetc.o(.text)
    _sbackspace                              0x08000acb   Thumb Code    34  _sgetc.o(.text)
    _strtoul                                 0x08000aed   Thumb Code   158  _strtoul.o(.text)
    _btod_etento                             0x08000b8d   Thumb Code   224  bigflt0.o(.text)
    strcspn                                  0x08000c71   Thumb Code    32  strcspn.o(.text)
    strspn                                   0x08000c91   Thumb Code    28  strspn.o(.text)
    __user_setup_stackheap                   0x08000cad   Thumb Code    74  sys_stackheap_outer.o(.text)
    _chval                                   0x08000cf7   Thumb Code    28  _chval.o(.text)
    _scanf_really_real                       0x08000f61   Thumb Code   684  scanf_fp.o(.text)
    exit                                     0x0800120d   Thumb Code    18  exit.o(.text)
    strcmp                                   0x08001221   Thumb Code   128  strcmpv7m.o(.text)
    _scanf_really_hex_real                   0x080012a1   Thumb Code   786  scanf_hexfp.o(.text)
    _scanf_really_infnan                     0x080015c1   Thumb Code   292  scanf_infnan.o(.text)
    _sys_exit                                0x080016f5   Thumb Code     8  sys_exit.o(.text)
    __aeabi_llsl                             0x08001701   Thumb Code     0  llshl.o(.text)
    _ll_shift_l                              0x08001701   Thumb Code    38  llshl.o(.text)
    __I$use$semihosting                      0x08001727   Thumb Code     0  use_no_semi.o(.text)
    __use_no_semihosting_swi                 0x08001727   Thumb Code     2  use_no_semi.o(.text)
    __semihosting_library_function           0x08001729   Thumb Code     0  indicate_semi.o(.text)
    _btod_d2e                                0x08001729   Thumb Code    62  btod.o(CL$$btod_d2e)
    _d2e_denorm_low                          0x08001767   Thumb Code    70  btod.o(CL$$btod_d2e_denorm_low)
    _d2e_norm_op1                            0x080017ad   Thumb Code    96  btod.o(CL$$btod_d2e_norm_op1)
    __btod_div_common                        0x0800180d   Thumb Code   696  btod.o(CL$$btod_div_common)
    _e2d                                     0x08001b45   Thumb Code   122  btod.o(CL$$btod_e2d)
    _e2e                                     0x08001bc9   Thumb Code   220  btod.o(CL$$btod_e2e)
    _btod_ediv                               0x08001ca5   Thumb Code    42  btod.o(CL$$btod_ediv)
    _btod_edivd                              0x08001ccf   Thumb Code    42  btod.o(CL$$btod_edivd)
    _btod_emul                               0x08001cf9   Thumb Code    42  btod.o(CL$$btod_emul)
    _btod_emuld                              0x08001d23   Thumb Code    42  btod.o(CL$$btod_emuld)
    __btod_mult_common                       0x08001d4d   Thumb Code   580  btod.o(CL$$btod_mult_common)
    BusFault_Handler                         0x08001f91   Thumb Code     2  stm32f1xx_it.o(i.BusFault_Handler)
    DebugMon_Handler                         0x08001f93   Thumb Code     2  stm32f1xx_it.o(i.DebugMon_Handler)
    EXTI15_10_IRQHandler                     0x08001f95   Thumb Code     8  stm32f1xx_it.o(i.EXTI15_10_IRQHandler)
    HAL_DMA_Abort                            0x08001f9d   Thumb Code    70  stm32f1xx_hal_dma.o(i.HAL_DMA_Abort)
    HAL_DMA_Abort_IT                         0x08001fe5   Thumb Code   148  stm32f1xx_hal_dma.o(i.HAL_DMA_Abort_IT)
    HAL_GPIO_EXTI_Callback                   0x0800207d   Thumb Code    14  main.o(i.HAL_GPIO_EXTI_Callback)
    HAL_GPIO_EXTI_IRQHandler                 0x08002091   Thumb Code    18  stm32f1xx_hal_gpio.o(i.HAL_GPIO_EXTI_IRQHandler)
    HAL_GPIO_Init                            0x080020a9   Thumb Code   446  stm32f1xx_hal_gpio.o(i.HAL_GPIO_Init)
    HAL_GPIO_TogglePin                       0x08002289   Thumb Code    16  stm32f1xx_hal_gpio.o(i.HAL_GPIO_TogglePin)
    HAL_GPIO_WritePin                        0x08002299   Thumb Code    10  stm32f1xx_hal_gpio.o(i.HAL_GPIO_WritePin)
    HAL_GetTick                              0x080022a5   Thumb Code     6  stm32f1xx_hal.o(i.HAL_GetTick)
    HAL_IncTick                              0x080022b1   Thumb Code    12  stm32f1xx_hal.o(i.HAL_IncTick)
    HAL_Init                                 0x080022c1   Thumb Code    32  stm32f1xx_hal.o(i.HAL_Init)
    HAL_InitTick                             0x080022e5   Thumb Code    54  stm32f1xx_hal.o(i.HAL_InitTick)
    HAL_MspInit                              0x08002325   Thumb Code    52  stm32f1xx_hal_msp.o(i.HAL_MspInit)
    HAL_NVIC_EnableIRQ                       0x08002361   Thumb Code    26  stm32f1xx_hal_cortex.o(i.HAL_NVIC_EnableIRQ)
    HAL_NVIC_SetPriority                     0x0800237d   Thumb Code    60  stm32f1xx_hal_cortex.o(i.HAL_NVIC_SetPriority)
    HAL_NVIC_SetPriorityGrouping             0x080023bd   Thumb Code    26  stm32f1xx_hal_cortex.o(i.HAL_NVIC_SetPriorityGrouping)
    HAL_RCC_ClockConfig                      0x080023e1   Thumb Code   280  stm32f1xx_hal_rcc.o(i.HAL_RCC_ClockConfig)
    HAL_RCC_GetPCLK1Freq                     0x0800250d   Thumb Code    20  stm32f1xx_hal_rcc.o(i.HAL_RCC_GetPCLK1Freq)
    HAL_RCC_GetPCLK2Freq                     0x0800252d   Thumb Code    20  stm32f1xx_hal_rcc.o(i.HAL_RCC_GetPCLK2Freq)
    HAL_RCC_GetSysClockFreq                  0x0800254d   Thumb Code    58  stm32f1xx_hal_rcc.o(i.HAL_RCC_GetSysClockFreq)
    HAL_RCC_OscConfig                        0x08002599   Thumb Code   778  stm32f1xx_hal_rcc.o(i.HAL_RCC_OscConfig)
    HAL_SYSTICK_Config                       0x080028b9   Thumb Code    40  stm32f1xx_hal_cortex.o(i.HAL_SYSTICK_Config)
    HAL_TIMEx_BreakCallback                  0x080028e1   Thumb Code     2  stm32f1xx_hal_tim_ex.o(i.HAL_TIMEx_BreakCallback)
    HAL_TIMEx_CommutCallback                 0x080028e3   Thumb Code     2  stm32f1xx_hal_tim_ex.o(i.HAL_TIMEx_CommutCallback)
    HAL_TIMEx_MasterConfigSynchronization    0x080028e5   Thumb Code    92  stm32f1xx_hal_tim_ex.o(i.HAL_TIMEx_MasterConfigSynchronization)
    HAL_TIM_Base_Init                        0x0800294d   Thumb Code    90  stm32f1xx_hal_tim.o(i.HAL_TIM_Base_Init)
    HAL_TIM_Base_MspInit                     0x080029a9   Thumb Code    86  stm32f1xx_hal_msp.o(i.HAL_TIM_Base_MspInit)
    HAL_TIM_Base_Start_IT                    0x08002a0d   Thumb Code    76  stm32f1xx_hal_tim.o(i.HAL_TIM_Base_Start_IT)
    HAL_TIM_ConfigClockSource                0x08002a65   Thumb Code   220  stm32f1xx_hal_tim.o(i.HAL_TIM_ConfigClockSource)
    HAL_TIM_IC_CaptureCallback               0x08002b41   Thumb Code     2  stm32f1xx_hal_tim.o(i.HAL_TIM_IC_CaptureCallback)
    HAL_TIM_IRQHandler                       0x08002b43   Thumb Code   304  stm32f1xx_hal_tim.o(i.HAL_TIM_IRQHandler)
    HAL_TIM_MspPostInit                      0x08002c75   Thumb Code    62  stm32f1xx_hal_msp.o(i.HAL_TIM_MspPostInit)
    HAL_TIM_OC_DelayElapsedCallback          0x08002cbd   Thumb Code     2  stm32f1xx_hal_tim.o(i.HAL_TIM_OC_DelayElapsedCallback)
    HAL_TIM_PWM_ConfigChannel                0x08002cbf   Thumb Code   204  stm32f1xx_hal_tim.o(i.HAL_TIM_PWM_ConfigChannel)
    HAL_TIM_PWM_Init                         0x08002d8b   Thumb Code    90  stm32f1xx_hal_tim.o(i.HAL_TIM_PWM_Init)
    HAL_TIM_PWM_MspInit                      0x08002de5   Thumb Code    30  stm32f1xx_hal_msp.o(i.HAL_TIM_PWM_MspInit)
    HAL_TIM_PWM_PulseFinishedCallback        0x08002e09   Thumb Code     2  stm32f1xx_hal_tim.o(i.HAL_TIM_PWM_PulseFinishedCallback)
    HAL_TIM_PWM_Start                        0x08002e0d   Thumb Code   144  stm32f1xx_hal_tim.o(i.HAL_TIM_PWM_Start)
    HAL_TIM_PeriodElapsedCallback            0x08002ea9   Thumb Code    24  main.o(i.HAL_TIM_PeriodElapsedCallback)
    HAL_TIM_TriggerCallback                  0x08002ecd   Thumb Code     2  stm32f1xx_hal_tim.o(i.HAL_TIM_TriggerCallback)
    HAL_UARTEx_RxEventCallback               0x08002ecf   Thumb Code     2  stm32f1xx_hal_uart.o(i.HAL_UARTEx_RxEventCallback)
    HAL_UART_ErrorCallback                   0x08002ed1   Thumb Code     2  stm32f1xx_hal_uart.o(i.HAL_UART_ErrorCallback)
    HAL_UART_IRQHandler                      0x08002ed5   Thumb Code   616  stm32f1xx_hal_uart.o(i.HAL_UART_IRQHandler)
    HAL_UART_Init                            0x08003141   Thumb Code   100  stm32f1xx_hal_uart.o(i.HAL_UART_Init)
    HAL_UART_MspInit                         0x080031a5   Thumb Code   128  stm32f1xx_hal_msp.o(i.HAL_UART_MspInit)
    HAL_UART_Receive_IT                      0x08003235   Thumb Code    28  stm32f1xx_hal_uart.o(i.HAL_UART_Receive_IT)
    HAL_UART_RxCpltCallback                  0x08003251   Thumb Code    62  main.o(i.HAL_UART_RxCpltCallback)
    HAL_UART_Transmit                        0x0800329d   Thumb Code   160  stm32f1xx_hal_uart.o(i.HAL_UART_Transmit)
    HAL_UART_TxCpltCallback                  0x0800333d   Thumb Code     2  stm32f1xx_hal_uart.o(i.HAL_UART_TxCpltCallback)
    HardFault_Handler                        0x0800333f   Thumb Code     2  stm32f1xx_it.o(i.HardFault_Handler)
    MemManage_Handler                        0x08003549   Thumb Code     2  stm32f1xx_it.o(i.MemManage_Handler)
    Motor_control_initialize                 0x0800354b   Thumb Code     2  motor_control.o(i.Motor_control_initialize)
    Motor_control_step                       0x0800354d   Thumb Code   764  motor_control.o(i.Motor_control_step)
    NMI_Handler                              0x080038a9   Thumb Code     2  stm32f1xx_it.o(i.NMI_Handler)
    Parse_UART_Command                       0x080038ad   Thumb Code   144  main.o(i.Parse_UART_Command)
    PendSV_Handler                           0x08003955   Thumb Code     2  stm32f1xx_it.o(i.PendSV_Handler)
    Process_Encoder_Event                    0x08003959   Thumb Code    20  main.o(i.Process_Encoder_Event)
    Process_Motor_State_Machine              0x08003971   Thumb Code   138  main.o(i.Process_Motor_State_Machine)
    Process_Speed_Calculation                0x08003a09   Thumb Code    32  main.o(i.Process_Speed_Calculation)
    Process_UART_Reception                   0x08003a2d   Thumb Code    32  main.o(i.Process_UART_Reception)
    Run_Control_Algorithm                    0x08003a59   Thumb Code    58  main.o(i.Run_Control_Algorithm)
    SVC_Handler                              0x08003aa9   Thumb Code     2  stm32f1xx_it.o(i.SVC_Handler)
    Send_Telemetry_Data                      0x08003aad   Thumb Code    66  main.o(i.Send_Telemetry_Data)
    Stop_Motor                               0x08003b05   Thumb Code    36  main.o(i.Stop_Motor)
    SysTick_Handler                          0x08003b31   Thumb Code     4  stm32f1xx_it.o(i.SysTick_Handler)
    SystemClock_Config                       0x08003b35   Thumb Code    80  main.o(i.SystemClock_Config)
    SystemInit                               0x08003b85   Thumb Code     2  system_stm32f1xx.o(i.SystemInit)
    TIM1_UP_IRQHandler                       0x08003b89   Thumb Code     6  stm32f1xx_it.o(i.TIM1_UP_IRQHandler)
    TIM3_IRQHandler                          0x08003b95   Thumb Code     6  stm32f1xx_it.o(i.TIM3_IRQHandler)
    TIM_Base_SetConfig                       0x08003ba1   Thumb Code   108  stm32f1xx_hal_tim.o(i.TIM_Base_SetConfig)
    TIM_CCxChannelCmd                        0x08003c19   Thumb Code    26  stm32f1xx_hal_tim.o(i.TIM_CCxChannelCmd)
    TIM_ETR_SetConfig                        0x08003c33   Thumb Code    20  stm32f1xx_hal_tim.o(i.TIM_ETR_SetConfig)
    TIM_OC2_SetConfig                        0x08003ca9   Thumb Code    84  stm32f1xx_hal_tim.o(i.TIM_OC2_SetConfig)
    UART_Start_Receive_IT                    0x08003fbd   Thumb Code    54  stm32f1xx_hal_uart.o(i.UART_Start_Receive_IT)
    USART1_IRQHandler                        0x08004065   Thumb Code     6  stm32f1xx_it.o(i.USART1_IRQHandler)
    Update_Setpoint_Logic                    0x08004071   Thumb Code   126  main.o(i.Update_Setpoint_Logic)
    UsageFault_Handler                       0x08004101   Thumb Code     2  stm32f1xx_it.o(i.UsageFault_Handler)
    __ARM_fpclassify                         0x08004103   Thumb Code    40  fpclassify.o(i.__ARM_fpclassify)
    __ieee754_rem_pio2                       0x0800414d   Thumb Code   828  rred.o(i.__ieee754_rem_pio2)
    __kernel_cos                             0x080044d5   Thumb Code   230  cos_i.o(i.__kernel_cos)
    __kernel_poly                            0x080045d1   Thumb Code   170  poly.o(i.__kernel_poly)
    __kernel_sin                             0x0800467d   Thumb Code   224  sin_i.o(i.__kernel_sin)
    __mathlib_dbl_infnan                     0x08004769   Thumb Code     6  dunder.o(i.__mathlib_dbl_infnan)
    __mathlib_dbl_invalid                    0x0800476f   Thumb Code    12  dunder.o(i.__mathlib_dbl_invalid)
    __mathlib_dbl_overflow                   0x0800477b   Thumb Code    14  dunder.o(i.__mathlib_dbl_overflow)
    __mathlib_dbl_underflow                  0x08004789   Thumb Code    10  dunder.o(i.__mathlib_dbl_underflow)
    __mathlib_narrow                         0x08004799   Thumb Code    16  narrow.o(i.__mathlib_narrow)
    __mathlib_tofloat                        0x080047a9   Thumb Code   184  narrow.o(i.__mathlib_tofloat)
    __support_ldexp                          0x08004865   Thumb Code    22  ldexp.o(i.__support_ldexp)
    _is_digit                                0x0800487b   Thumb Code    14  __printf_wp.o(i._is_digit)
    atof                                     0x08004889   Thumb Code    42  atof.o(i.atof)
    calculate_motor_speed_rpm                0x080048b5   Thumb Code    40  main.o(i.calculate_motor_speed_rpm)
    frexp                                    0x080048f1   Thumb Code    80  frexp.o(i.frexp)
    ldexp                                    0x08004949   Thumb Code   116  ldexp.o(i.ldexp)
    main                                     0x080049bd   Thumb Code   160  main.o(i.main)
    percent_to_duty                          0x08004a6d   Thumb Code    46  main.o(i.percent_to_duty)
    round                                    0x08004aa5   Thumb Code   136  round.o(i.round)
    send_uart_3float                         0x08004b39   Thumb Code    74  main.o(i.send_uart_3float)
    sin                                      0x08004b99   Thumb Code   150  sin.o(i.sin)
    _get_lc_numeric                          0x08004c39   Thumb Code    44  lc_numeric_c.o(locale$$code)
    _get_lc_ctype                            0x08004c65   Thumb Code    44  lc_ctype_c.o(locale$$code)
    __aeabi_d2f                              0x08004c91   Thumb Code     0  d2f.o(x$fpl$d2f)
    _d2f                                     0x08004c91   Thumb Code    98  d2f.o(x$fpl$d2f)
    __aeabi_dadd                             0x08004cf5   Thumb Code     0  daddsub_clz.o(x$fpl$dadd)
    _dadd                                    0x08004cf5   Thumb Code   332  daddsub_clz.o(x$fpl$dadd)
    __fpl_dcheck_NaN1                        0x08004e45   Thumb Code    10  dcheck1.o(x$fpl$dcheck1)
    __fpl_dcmp_Inf                           0x08004e55   Thumb Code    24  dcmpi.o(x$fpl$dcmpinf)
    __aeabi_ddiv                             0x08004e6d   Thumb Code     0  ddiv.o(x$fpl$ddiv)
    _ddiv                                    0x08004e6d   Thumb Code   552  ddiv.o(x$fpl$ddiv)
    __aeabi_cdcmpeq                          0x0800511d   Thumb Code     0  deqf.o(x$fpl$deqf)
    _dcmpeq                                  0x0800511d   Thumb Code   120  deqf.o(x$fpl$deqf)
    __aeabi_d2iz                             0x08005195   Thumb Code     0  dfix.o(x$fpl$dfix)
    _dfix                                    0x08005195   Thumb Code    94  dfix.o(x$fpl$dfix)
    __aeabi_d2uiz                            0x080051f5   Thumb Code     0  dfixu.o(x$fpl$dfixu)
    _dfixu                                   0x080051f5   Thumb Code    90  dfixu.o(x$fpl$dfixu)
    __aeabi_i2d                              0x0800524f   Thumb Code     0  dflt_clz.o(x$fpl$dflt)
    _dflt                                    0x0800524f   Thumb Code    46  dflt_clz.o(x$fpl$dflt)
    __aeabi_ui2d                             0x0800527d   Thumb Code     0  dflt_clz.o(x$fpl$dfltu)
    _dfltu                                   0x0800527d   Thumb Code    38  dflt_clz.o(x$fpl$dfltu)
    __aeabi_cdcmple                          0x080052a5   Thumb Code     0  dleqf.o(x$fpl$dleqf)
    _dcmple                                  0x080052a5   Thumb Code   120  dleqf.o(x$fpl$dleqf)
    __fpl_dcmple_InfNaN                      0x08005307   Thumb Code     0  dleqf.o(x$fpl$dleqf)
    __aeabi_dmul                             0x0800531d   Thumb Code     0  dmul.o(x$fpl$dmul)
    _dmul                                    0x0800531d   Thumb Code   332  dmul.o(x$fpl$dmul)
    __fpl_dnaninf                            0x08005471   Thumb Code   156  dnaninf.o(x$fpl$dnaninf)
    __fpl_dretinf                            0x0800550d   Thumb Code    12  dretinf.o(x$fpl$dretinf)
    __aeabi_cdrcmple                         0x08005519   Thumb Code     0  drleqf.o(x$fpl$drleqf)
    _drcmple                                 0x08005519   Thumb Code   108  drleqf.o(x$fpl$drleqf)
    _drnd                                    0x08005585   Thumb Code   180  drnd.o(x$fpl$drnd)
    __aeabi_drsub                            0x08005639   Thumb Code     0  daddsub_clz.o(x$fpl$drsb)
    _drsb                                    0x08005639   Thumb Code    22  daddsub_clz.o(x$fpl$drsb)
    __aeabi_dsub                             0x08005651   Thumb Code     0  daddsub_clz.o(x$fpl$dsub)
    _dsub                                    0x08005651   Thumb Code   464  daddsub_clz.o(x$fpl$dsub)
    __aeabi_f2d                              0x08005825   Thumb Code     0  f2d.o(x$fpl$f2d)
    _f2d                                     0x08005825   Thumb Code    86  f2d.o(x$fpl$f2d)
    __aeabi_fadd                             0x0800587d   Thumb Code     0  faddsub_clz.o(x$fpl$fadd)
    _fadd                                    0x0800587d   Thumb Code   196  faddsub_clz.o(x$fpl$fadd)
    __fpl_fcmp_Inf                           0x08005941   Thumb Code    24  fcmpi.o(x$fpl$fcmpinf)
    __aeabi_fdiv                             0x08005959   Thumb Code     0  fdiv.o(x$fpl$fdiv)
    _fdiv                                    0x08005959   Thumb Code   384  fdiv.o(x$fpl$fdiv)
    __aeabi_ui2f                             0x08005add   Thumb Code     0  fflt_clz.o(x$fpl$ffltu)
    _ffltu                                   0x08005add   Thumb Code    38  fflt_clz.o(x$fpl$ffltu)
    __aeabi_cfcmple                          0x08005b05   Thumb Code     0  fleqf.o(x$fpl$fleqf)
    _fcmple                                  0x08005b05   Thumb Code   104  fleqf.o(x$fpl$fleqf)
    __fpl_fcmple_InfNaN                      0x08005b57   Thumb Code     0  fleqf.o(x$fpl$fleqf)
    __aeabi_fmul                             0x08005b6d   Thumb Code     0  fmul.o(x$fpl$fmul)
    _fmul                                    0x08005b6d   Thumb Code   258  fmul.o(x$fpl$fmul)
    __fpl_fnaninf                            0x08005c6f   Thumb Code   140  fnaninf.o(x$fpl$fnaninf)
    __fpl_fretinf                            0x08005cfb   Thumb Code    10  fretinf.o(x$fpl$fretinf)
    __aeabi_fsub                             0x08005d05   Thumb Code     0  faddsub_clz.o(x$fpl$fsub)
    _fsub                                    0x08005d05   Thumb Code   234  faddsub_clz.o(x$fpl$fsub)
    __ieee_status                            0x08005def   Thumb Code     6  istatus.o(x$fpl$ieeestatus)
    _printf_fp_dec                           0x08005df5   Thumb Code     4  printf1.o(x$fpl$printf1)
    __fpl_return_NaN                         0x08005df9   Thumb Code   100  retnan.o(x$fpl$retnan)
    __ARM_scalbn                             0x08005e5d   Thumb Code    92  scalbn.o(x$fpl$scalbn)
    _scanf_real                              0x08005eb9   Thumb Code     4  scanf1.o(x$fpl$scanf1)
    _scanf_hex_real                          0x08005ebd   Thumb Code     4  scanf2.o(x$fpl$scanf2)
    _scanf_infnan                            0x08005ec1   Thumb Code     4  scanf2.o(x$fpl$scanf2)
    __fpl_cmpreturn                          0x08005ec5   Thumb Code    48  trapv.o(x$fpl$trapveneer)
    __I$use$fp                               0x08005ef4   Number         0  usenofp.o(x$fpl$usenofp)
    AHBPrescTable                            0x08005f06   Data          16  system_stm32f1xx.o(.constdata)
    APBPrescTable                            0x08005f16   Data           8  system_stm32f1xx.o(.constdata)
    Region$$Table$$Base                      0x080060d4   Number         0  anon$$obj.o(Region$$Table)
    Region$$Table$$Limit                     0x080060f4   Number         0  anon$$obj.o(Region$$Table)
    __aeabi_HUGE_VAL                         0x080060f4   Data           0  fpconst.o(c$$dinf)
    __aeabi_HUGE_VALL                        0x080060f4   Data           0  fpconst.o(c$$dinf)
    __aeabi_INFINITY                         0x080060f4   Data           0  fpconst.o(c$$dinf)
    __dInf                                   0x080060f4   Data           0  fpconst.o(c$$dinf)
    __huge_val                               0x080060f4   Data           0  fpconst.o(c$$dinf)
    __dbl_max                                0x080060fc   Data           0  fpconst.o(c$$dmax)
    __ctype                                  0x0800612d   Data           0  lc_ctype_c.o(locale$$data)
    gi                                       0x20000000   Data           8  motor_control.o(.data)
    gp                                       0x20000008   Data           8  motor_control.o(.data)
    ki                                       0x20000010   Data           8  motor_control.o(.data)
    kp                                       0x20000018   Data           8  motor_control.o(.data)
    current_speed                            0x20000020   Data           8  motor_control.o(.data)
    set_point                                0x20000028   Data           8  motor_control.o(.data)
    set_point_mras                           0x20000030   Data           8  motor_control.o(.data)
    current_speed_PImras                     0x20000038   Data           8  motor_control.o(.data)
    error                                    0x20000040   Data           8  motor_control.o(.data)
    signal_control                           0x20000048   Data           8  motor_control.o(.data)
    set_point_sine                           0x20000050   Data           8  motor_control.o(.data)
    signal_controlPImras                     0x20000058   Data           8  motor_control.o(.data)
    current_speed_model                      0x20000060   Data           8  motor_control.o(.data)
    error_PImras                             0x20000068   Data           8  motor_control.o(.data)
    uart_data_ready                          0x20000070   Data           1  main.o(.data)
    motor_on                                 0x20000071   Data           1  main.o(.data)
    controller_type                          0x20000072   Data           1  main.o(.data)
    input_type                               0x20000073   Data           1  main.o(.data)
    current_state                            0x20000074   Data           1  main.o(.data)
    uart_rx_data                             0x20000075   Data           1  main.o(.data)
    uart_flag_tx                             0x20000076   Data           1  main.o(.data)
    flag_pulse                               0x20000077   Data           1  main.o(.data)
    flag_timer_100ms                         0x20000078   Data           1  main.o(.data)
    uart_cmd_index                           0x2000007a   Data           2  main.o(.data)
    pulse_count                              0x2000007c   Data           4  main.o(.data)
    amp_max                                  0x20000080   Data           4  main.o(.data)
    amp_min                                  0x20000084   Data           4  main.o(.data)
    target_set_point                         0x20000088   Data           4  main.o(.data)
    encoder_count                            0x2000008c   Data           4  main.o(.data)
    toc_do                                   0x20000090   Data           4  main.o(.data)
    duty                                     0x20000094   Data           4  main.o(.data)
    uwTickFreq                               0x20000098   Data           1  stm32f1xx_hal.o(.data)
    uwTickPrio                               0x2000009c   Data           4  stm32f1xx_hal.o(.data)
    uwTick                                   0x200000a0   Data           4  stm32f1xx_hal.o(.data)
    SystemCoreClock                          0x200000a4   Data           4  system_stm32f1xx.o(.data)
    rtDW                                     0x200000b0   Data          88  motor_control.o(.bss)
    uart_cmd_buffer                          0x20000108   Data         100  main.o(.bss)
    htim1                                    0x2000016c   Data          72  main.o(.bss)
    htim2                                    0x200001b4   Data          72  main.o(.bss)
    htim3                                    0x200001fc   Data          72  main.o(.bss)
    huart1                                   0x20000244   Data          72  main.o(.bss)
    __libspace_start                         0x2000028c   Data          96  libspace.o(.bss)
    __temporary_stack_top$libspace           0x200002ec   Data           0  libspace.o(.bss)



==============================================================================

Memory Map of the image

  Image Entry point : 0x080000ed

  Load Region LR_IROM1 (Base: 0x08000000, Size: 0x000062dc, Max: 0x00010000, ABSOLUTE)

    Execution Region ER_IROM1 (Exec base: 0x08000000, Load base: 0x08000000, Size: 0x00006230, Max: 0x00010000, ABSOLUTE)

    Exec Addr    Load Addr    Size         Type   Attr      Idx    E Section Name        Object

    0x08000000   0x08000000   0x000000ec   Data   RO            3    RESET               startup_stm32f103xb.o
    0x080000ec   0x080000ec   0x00000008   Code   RO         2907  * !!!main             c_w.l(__main.o)
    0x080000f4   0x080000f4   0x00000034   Code   RO         3318    !!!scatter          c_w.l(__scatter.o)
    0x08000128   0x08000128   0x0000001a   Code   RO         3320    !!handler_copy      c_w.l(__scatter_copy.o)
    0x08000142   0x08000142   0x00000002   PAD
    0x08000144   0x08000144   0x0000001c   Code   RO         3322    !!handler_zi        c_w.l(__scatter_zi.o)
    0x08000160   0x08000160   0x00000000   Code   RO         2897    .ARM.Collect$$_printf_percent$$00000000  c_w.l(_printf_percent.o)
    0x08000160   0x08000160   0x00000006   Code   RO         2896    .ARM.Collect$$_printf_percent$$00000003  c_w.l(_printf_f.o)
    0x08000166   0x08000166   0x00000004   Code   RO         2993    .ARM.Collect$$_printf_percent$$00000017  c_w.l(_printf_percent_end.o)
    0x0800016a   0x0800016a   0x00000002   Code   RO         3146    .ARM.Collect$$libinit$$00000000  c_w.l(libinit.o)
    0x0800016c   0x0800016c   0x00000000   Code   RO         3148    .ARM.Collect$$libinit$$00000002  c_w.l(libinit2.o)
    0x0800016c   0x0800016c   0x00000000   Code   RO         3150    .ARM.Collect$$libinit$$00000004  c_w.l(libinit2.o)
    0x0800016c   0x0800016c   0x00000000   Code   RO         3153    .ARM.Collect$$libinit$$0000000A  c_w.l(libinit2.o)
    0x0800016c   0x0800016c   0x00000000   Code   RO         3155    .ARM.Collect$$libinit$$0000000C  c_w.l(libinit2.o)
    0x0800016c   0x0800016c   0x00000000   Code   RO         3157    .ARM.Collect$$libinit$$0000000E  c_w.l(libinit2.o)
    0x0800016c   0x0800016c   0x00000006   Code   RO         3158    .ARM.Collect$$libinit$$0000000F  c_w.l(libinit2.o)
    0x08000172   0x08000172   0x00000000   Code   RO         3160    .ARM.Collect$$libinit$$00000011  c_w.l(libinit2.o)
    0x08000172   0x08000172   0x0000000c   Code   RO         3161    .ARM.Collect$$libinit$$00000012  c_w.l(libinit2.o)
    0x0800017e   0x0800017e   0x00000000   Code   RO         3162    .ARM.Collect$$libinit$$00000013  c_w.l(libinit2.o)
    0x0800017e   0x0800017e   0x00000000   Code   RO         3164    .ARM.Collect$$libinit$$00000015  c_w.l(libinit2.o)
    0x0800017e   0x0800017e   0x0000000a   Code   RO         3165    .ARM.Collect$$libinit$$00000016  c_w.l(libinit2.o)
    0x08000188   0x08000188   0x00000000   Code   RO         3166    .ARM.Collect$$libinit$$00000017  c_w.l(libinit2.o)
    0x08000188   0x08000188   0x00000000   Code   RO         3168    .ARM.Collect$$libinit$$00000019  c_w.l(libinit2.o)
    0x08000188   0x08000188   0x00000000   Code   RO         3170    .ARM.Collect$$libinit$$0000001B  c_w.l(libinit2.o)
    0x08000188   0x08000188   0x00000000   Code   RO         3172    .ARM.Collect$$libinit$$0000001D  c_w.l(libinit2.o)
    0x08000188   0x08000188   0x00000000   Code   RO         3174    .ARM.Collect$$libinit$$0000001F  c_w.l(libinit2.o)
    0x08000188   0x08000188   0x00000000   Code   RO         3176    .ARM.Collect$$libinit$$00000021  c_w.l(libinit2.o)
    0x08000188   0x08000188   0x00000000   Code   RO         3178    .ARM.Collect$$libinit$$00000023  c_w.l(libinit2.o)
    0x08000188   0x08000188   0x00000000   Code   RO         3180    .ARM.Collect$$libinit$$00000025  c_w.l(libinit2.o)
    0x08000188   0x08000188   0x00000000   Code   RO         3184    .ARM.Collect$$libinit$$0000002C  c_w.l(libinit2.o)
    0x08000188   0x08000188   0x00000000   Code   RO         3186    .ARM.Collect$$libinit$$0000002E  c_w.l(libinit2.o)
    0x08000188   0x08000188   0x00000000   Code   RO         3188    .ARM.Collect$$libinit$$00000030  c_w.l(libinit2.o)
    0x08000188   0x08000188   0x00000000   Code   RO         3190    .ARM.Collect$$libinit$$00000032  c_w.l(libinit2.o)
    0x08000188   0x08000188   0x00000002   Code   RO         3191    .ARM.Collect$$libinit$$00000033  c_w.l(libinit2.o)
    0x0800018a   0x0800018a   0x00000002   Code   RO         3251    .ARM.Collect$$libshutdown$$00000000  c_w.l(libshutdown.o)
    0x0800018c   0x0800018c   0x00000000   Code   RO         3274    .ARM.Collect$$libshutdown$$00000002  c_w.l(libshutdown2.o)
    0x0800018c   0x0800018c   0x00000000   Code   RO         3276    .ARM.Collect$$libshutdown$$00000004  c_w.l(libshutdown2.o)
    0x0800018c   0x0800018c   0x00000000   Code   RO         3278    .ARM.Collect$$libshutdown$$00000006  c_w.l(libshutdown2.o)
    0x0800018c   0x0800018c   0x00000000   Code   RO         3281    .ARM.Collect$$libshutdown$$00000009  c_w.l(libshutdown2.o)
    0x0800018c   0x0800018c   0x00000000   Code   RO         3284    .ARM.Collect$$libshutdown$$0000000C  c_w.l(libshutdown2.o)
    0x0800018c   0x0800018c   0x00000000   Code   RO         3286    .ARM.Collect$$libshutdown$$0000000E  c_w.l(libshutdown2.o)
    0x0800018c   0x0800018c   0x00000000   Code   RO         3289    .ARM.Collect$$libshutdown$$00000011  c_w.l(libshutdown2.o)
    0x0800018c   0x0800018c   0x00000002   Code   RO         3290    .ARM.Collect$$libshutdown$$00000012  c_w.l(libshutdown2.o)
    0x0800018e   0x0800018e   0x00000000   Code   RO         2979    .ARM.Collect$$rtentry$$00000000  c_w.l(__rtentry.o)
    0x0800018e   0x0800018e   0x00000000   Code   RO         3049    .ARM.Collect$$rtentry$$00000002  c_w.l(__rtentry2.o)
    0x0800018e   0x0800018e   0x00000006   Code   RO         3061    .ARM.Collect$$rtentry$$00000004  c_w.l(__rtentry4.o)
    0x08000194   0x08000194   0x00000000   Code   RO         3051    .ARM.Collect$$rtentry$$00000009  c_w.l(__rtentry2.o)
    0x08000194   0x08000194   0x00000004   Code   RO         3052    .ARM.Collect$$rtentry$$0000000A  c_w.l(__rtentry2.o)
    0x08000198   0x08000198   0x00000000   Code   RO         3054    .ARM.Collect$$rtentry$$0000000C  c_w.l(__rtentry2.o)
    0x08000198   0x08000198   0x00000008   Code   RO         3055    .ARM.Collect$$rtentry$$0000000D  c_w.l(__rtentry2.o)
    0x080001a0   0x080001a0   0x00000002   Code   RO         3194    .ARM.Collect$$rtexit$$00000000  c_w.l(rtexit.o)
    0x080001a2   0x080001a2   0x00000000   Code   RO         3217    .ARM.Collect$$rtexit$$00000002  c_w.l(rtexit2.o)
    0x080001a2   0x080001a2   0x00000004   Code   RO         3218    .ARM.Collect$$rtexit$$00000003  c_w.l(rtexit2.o)
    0x080001a6   0x080001a6   0x00000006   Code   RO         3219    .ARM.Collect$$rtexit$$00000004  c_w.l(rtexit2.o)
    0x080001ac   0x080001ac   0x00000040   Code   RO            4    .text               startup_stm32f103xb.o
    0x080001ec   0x080001ec   0x0000002c   Code   RO         2870    .text               c_w.l(__2sprintf.o)
    0x08000218   0x08000218   0x0000010e   Code   RO         2884    .text               c_w.l(__printf_wp.o)
    0x08000326   0x08000326   0x0000001a   Code   RO         2898    .text               c_w.l(atoi.o)
    0x08000340   0x08000340   0x0000000c   Code   RO         2900    .text               c_w.l(strtok.o)
    0x0800034c   0x0800034c   0x0000004e   Code   RO         2903    .text               c_w.l(rt_memclr_w.o)
    0x0800039a   0x0800039a   0x00000006   Code   RO         2905    .text               c_w.l(heapauxi.o)
    0x080003a0   0x080003a0   0x00000008   Code   RO         2983    .text               c_w.l(rt_errno_addr_intlibspace.o)
    0x080003a8   0x080003a8   0x00000016   Code   RO         2985    .text               c_w.l(_rserrno.o)
    0x080003be   0x080003be   0x0000041e   Code   RO         2987    .text               c_w.l(_printf_fp_dec.o)
    0x080007dc   0x080007dc   0x00000030   Code   RO         2989    .text               c_w.l(_printf_char_common.o)
    0x0800080c   0x0800080c   0x0000000a   Code   RO         2991    .text               c_w.l(_sputc.o)
    0x08000816   0x08000816   0x00000002   PAD
    0x08000818   0x08000818   0x000000a4   Code   RO         2994    .text               c_w.l(strtod.o)
    0x080008bc   0x080008bc   0x00000070   Code   RO         2996    .text               c_w.l(strtol.o)
    0x0800092c   0x0800092c   0x00000044   Code   RO         2998    .text               c_w.l(strtok_int.o)
    0x08000970   0x08000970   0x00000008   Code   RO         3045    .text               c_w.l(libspace.o)
    0x08000978   0x08000978   0x00000010   Code   RO         3063    .text               c_w.l(rt_ctype_table.o)
    0x08000988   0x08000988   0x00000008   Code   RO         3068    .text               c_w.l(rt_locale_intlibspace.o)
    0x08000990   0x08000990   0x0000008a   Code   RO         3070    .text               c_w.l(lludiv10.o)
    0x08000a1a   0x08000a1a   0x00000012   Code   RO         3072    .text               c_w.l(isspace.o)
    0x08000a2c   0x08000a2c   0x00000080   Code   RO         3074    .text               c_w.l(_printf_fp_infnan.o)
    0x08000aac   0x08000aac   0x00000040   Code   RO         3078    .text               c_w.l(_sgetc.o)
    0x08000aec   0x08000aec   0x0000009e   Code   RO         3080    .text               c_w.l(_strtoul.o)
    0x08000b8a   0x08000b8a   0x00000002   PAD
    0x08000b8c   0x08000b8c   0x000000e4   Code   RO         3082    .text               c_w.l(bigflt0.o)
    0x08000c70   0x08000c70   0x00000020   Code   RO         3110    .text               c_w.l(strcspn.o)
    0x08000c90   0x08000c90   0x0000001c   Code   RO         3112    .text               c_w.l(strspn.o)
    0x08000cac   0x08000cac   0x0000004a   Code   RO         3128    .text               c_w.l(sys_stackheap_outer.o)
    0x08000cf6   0x08000cf6   0x0000001c   Code   RO         3130    .text               c_w.l(_chval.o)
    0x08000d12   0x08000d12   0x00000002   PAD
    0x08000d14   0x08000d14   0x000004f8   Code   RO         3132    .text               c_w.l(scanf_fp.o)
    0x0800120c   0x0800120c   0x00000012   Code   RO         3137    .text               c_w.l(exit.o)
    0x0800121e   0x0800121e   0x00000002   PAD
    0x08001220   0x08001220   0x00000080   Code   RO         3139    .text               c_w.l(strcmpv7m.o)
    0x080012a0   0x080012a0   0x00000320   Code   RO         3223    .text               c_w.l(scanf_hexfp.o)
    0x080015c0   0x080015c0   0x00000134   Code   RO         3225    .text               c_w.l(scanf_infnan.o)
    0x080016f4   0x080016f4   0x0000000c   Code   RO         3239    .text               c_w.l(sys_exit.o)
    0x08001700   0x08001700   0x00000026   Code   RO         3243    .text               c_w.l(llshl.o)
    0x08001726   0x08001726   0x00000002   Code   RO         3264    .text               c_w.l(use_no_semi.o)
    0x08001728   0x08001728   0x00000000   Code   RO         3266    .text               c_w.l(indicate_semi.o)
    0x08001728   0x08001728   0x0000003e   Code   RO         3085    CL$$btod_d2e        c_w.l(btod.o)
    0x08001766   0x08001766   0x00000046   Code   RO         3087    CL$$btod_d2e_denorm_low  c_w.l(btod.o)
    0x080017ac   0x080017ac   0x00000060   Code   RO         3086    CL$$btod_d2e_norm_op1  c_w.l(btod.o)
    0x0800180c   0x0800180c   0x00000338   Code   RO         3095    CL$$btod_div_common  c_w.l(btod.o)
    0x08001b44   0x08001b44   0x00000084   Code   RO         3093    CL$$btod_e2d        c_w.l(btod.o)
    0x08001bc8   0x08001bc8   0x000000dc   Code   RO         3092    CL$$btod_e2e        c_w.l(btod.o)
    0x08001ca4   0x08001ca4   0x0000002a   Code   RO         3089    CL$$btod_ediv       c_w.l(btod.o)
    0x08001cce   0x08001cce   0x0000002a   Code   RO         3091    CL$$btod_edivd      c_w.l(btod.o)
    0x08001cf8   0x08001cf8   0x0000002a   Code   RO         3088    CL$$btod_emul       c_w.l(btod.o)
    0x08001d22   0x08001d22   0x0000002a   Code   RO         3090    CL$$btod_emuld      c_w.l(btod.o)
    0x08001d4c   0x08001d4c   0x00000244   Code   RO         3094    CL$$btod_mult_common  c_w.l(btod.o)
    0x08001f90   0x08001f90   0x00000002   Code   RO          316    i.BusFault_Handler  stm32f1xx_it.o
    0x08001f92   0x08001f92   0x00000002   Code   RO          317    i.DebugMon_Handler  stm32f1xx_it.o
    0x08001f94   0x08001f94   0x00000008   Code   RO          318    i.EXTI15_10_IRQHandler  stm32f1xx_it.o
    0x08001f9c   0x08001f9c   0x00000046   Code   RO         1872    i.HAL_DMA_Abort     stm32f1xx_hal_dma.o
    0x08001fe2   0x08001fe2   0x00000002   PAD
    0x08001fe4   0x08001fe4   0x00000098   Code   RO         1873    i.HAL_DMA_Abort_IT  stm32f1xx_hal_dma.o
    0x0800207c   0x0800207c   0x00000014   Code   RO           50    i.HAL_GPIO_EXTI_Callback  main.o
    0x08002090   0x08002090   0x00000018   Code   RO         1807    i.HAL_GPIO_EXTI_IRQHandler  stm32f1xx_hal_gpio.o
    0x080020a8   0x080020a8   0x000001e0   Code   RO         1808    i.HAL_GPIO_Init     stm32f1xx_hal_gpio.o
    0x08002288   0x08002288   0x00000010   Code   RO         1811    i.HAL_GPIO_TogglePin  stm32f1xx_hal_gpio.o
    0x08002298   0x08002298   0x0000000a   Code   RO         1812    i.HAL_GPIO_WritePin  stm32f1xx_hal_gpio.o
    0x080022a2   0x080022a2   0x00000002   PAD
    0x080022a4   0x080022a4   0x0000000c   Code   RO         1502    i.HAL_GetTick       stm32f1xx_hal.o
    0x080022b0   0x080022b0   0x00000010   Code   RO         1508    i.HAL_IncTick       stm32f1xx_hal.o
    0x080022c0   0x080022c0   0x00000024   Code   RO         1509    i.HAL_Init          stm32f1xx_hal.o
    0x080022e4   0x080022e4   0x00000040   Code   RO         1510    i.HAL_InitTick      stm32f1xx_hal.o
    0x08002324   0x08002324   0x0000003c   Code   RO          416    i.HAL_MspInit       stm32f1xx_hal_msp.o
    0x08002360   0x08002360   0x0000001a   Code   RO         1968    i.HAL_NVIC_EnableIRQ  stm32f1xx_hal_cortex.o
    0x0800237a   0x0800237a   0x00000002   PAD
    0x0800237c   0x0800237c   0x00000040   Code   RO         1974    i.HAL_NVIC_SetPriority  stm32f1xx_hal_cortex.o
    0x080023bc   0x080023bc   0x00000024   Code   RO         1975    i.HAL_NVIC_SetPriorityGrouping  stm32f1xx_hal_cortex.o
    0x080023e0   0x080023e0   0x0000012c   Code   RO         1666    i.HAL_RCC_ClockConfig  stm32f1xx_hal_rcc.o
    0x0800250c   0x0800250c   0x00000020   Code   RO         1673    i.HAL_RCC_GetPCLK1Freq  stm32f1xx_hal_rcc.o
    0x0800252c   0x0800252c   0x00000020   Code   RO         1674    i.HAL_RCC_GetPCLK2Freq  stm32f1xx_hal_rcc.o
    0x0800254c   0x0800254c   0x0000004c   Code   RO         1675    i.HAL_RCC_GetSysClockFreq  stm32f1xx_hal_rcc.o
    0x08002598   0x08002598   0x00000320   Code   RO         1678    i.HAL_RCC_OscConfig  stm32f1xx_hal_rcc.o
    0x080028b8   0x080028b8   0x00000028   Code   RO         1979    i.HAL_SYSTICK_Config  stm32f1xx_hal_cortex.o
    0x080028e0   0x080028e0   0x00000002   Code   RO         1224    i.HAL_TIMEx_BreakCallback  stm32f1xx_hal_tim_ex.o
    0x080028e2   0x080028e2   0x00000002   Code   RO         1225    i.HAL_TIMEx_CommutCallback  stm32f1xx_hal_tim_ex.o
    0x080028e4   0x080028e4   0x00000068   Code   RO         1243    i.HAL_TIMEx_MasterConfigSynchronization  stm32f1xx_hal_tim_ex.o
    0x0800294c   0x0800294c   0x0000005a   Code   RO          520    i.HAL_TIM_Base_Init  stm32f1xx_hal_tim.o
    0x080029a6   0x080029a6   0x00000002   PAD
    0x080029a8   0x080029a8   0x00000064   Code   RO          418    i.HAL_TIM_Base_MspInit  stm32f1xx_hal_msp.o
    0x08002a0c   0x08002a0c   0x00000058   Code   RO          525    i.HAL_TIM_Base_Start_IT  stm32f1xx_hal_tim.o
    0x08002a64   0x08002a64   0x000000dc   Code   RO          529    i.HAL_TIM_ConfigClockSource  stm32f1xx_hal_tim.o
    0x08002b40   0x08002b40   0x00000002   Code   RO          554    i.HAL_TIM_IC_CaptureCallback  stm32f1xx_hal_tim.o
    0x08002b42   0x08002b42   0x00000130   Code   RO          568    i.HAL_TIM_IRQHandler  stm32f1xx_hal_tim.o
    0x08002c72   0x08002c72   0x00000002   PAD
    0x08002c74   0x08002c74   0x00000048   Code   RO          419    i.HAL_TIM_MspPostInit  stm32f1xx_hal_msp.o
    0x08002cbc   0x08002cbc   0x00000002   Code   RO          571    i.HAL_TIM_OC_DelayElapsedCallback  stm32f1xx_hal_tim.o
    0x08002cbe   0x08002cbe   0x000000cc   Code   RO          592    i.HAL_TIM_PWM_ConfigChannel  stm32f1xx_hal_tim.o
    0x08002d8a   0x08002d8a   0x0000005a   Code   RO          595    i.HAL_TIM_PWM_Init  stm32f1xx_hal_tim.o
    0x08002de4   0x08002de4   0x00000024   Code   RO          421    i.HAL_TIM_PWM_MspInit  stm32f1xx_hal_msp.o
    0x08002e08   0x08002e08   0x00000002   Code   RO          598    i.HAL_TIM_PWM_PulseFinishedCallback  stm32f1xx_hal_tim.o
    0x08002e0a   0x08002e0a   0x00000002   PAD
    0x08002e0c   0x08002e0c   0x0000009c   Code   RO          600    i.HAL_TIM_PWM_Start  stm32f1xx_hal_tim.o
    0x08002ea8   0x08002ea8   0x00000024   Code   RO           51    i.HAL_TIM_PeriodElapsedCallback  main.o
    0x08002ecc   0x08002ecc   0x00000002   Code   RO          611    i.HAL_TIM_TriggerCallback  stm32f1xx_hal_tim.o
    0x08002ece   0x08002ece   0x00000002   Code   RO         2480    i.HAL_UARTEx_RxEventCallback  stm32f1xx_hal_uart.o
    0x08002ed0   0x08002ed0   0x00000002   Code   RO         2494    i.HAL_UART_ErrorCallback  stm32f1xx_hal_uart.o
    0x08002ed2   0x08002ed2   0x00000002   PAD
    0x08002ed4   0x08002ed4   0x0000026c   Code   RO         2497    i.HAL_UART_IRQHandler  stm32f1xx_hal_uart.o
    0x08003140   0x08003140   0x00000064   Code   RO         2498    i.HAL_UART_Init     stm32f1xx_hal_uart.o
    0x080031a4   0x080031a4   0x00000090   Code   RO          423    i.HAL_UART_MspInit  stm32f1xx_hal_msp.o
    0x08003234   0x08003234   0x0000001c   Code   RO         2503    i.HAL_UART_Receive_IT  stm32f1xx_hal_uart.o
    0x08003250   0x08003250   0x0000004c   Code   RO           52    i.HAL_UART_RxCpltCallback  main.o
    0x0800329c   0x0800329c   0x000000a0   Code   RO         2506    i.HAL_UART_Transmit  stm32f1xx_hal_uart.o
    0x0800333c   0x0800333c   0x00000002   Code   RO         2509    i.HAL_UART_TxCpltCallback  stm32f1xx_hal_uart.o
    0x0800333e   0x0800333e   0x00000002   Code   RO          319    i.HardFault_Handler  stm32f1xx_it.o
    0x08003340   0x08003340   0x000000c4   Code   RO           53    i.MX_GPIO_Init      main.o
    0x08003404   0x08003404   0x0000006c   Code   RO           54    i.MX_TIM1_Init      main.o
    0x08003470   0x08003470   0x00000070   Code   RO           55    i.MX_TIM2_Init      main.o
    0x080034e0   0x080034e0   0x00000068   Code   RO           56    i.MX_TIM3_Init      main.o
    0x08003548   0x08003548   0x00000002   Code   RO          320    i.MemManage_Handler  stm32f1xx_it.o
    0x0800354a   0x0800354a   0x00000002   Code   RO           10    i.Motor_control_initialize  motor_control.o
    0x0800354c   0x0800354c   0x0000035c   Code   RO           11    i.Motor_control_step  motor_control.o
    0x080038a8   0x080038a8   0x00000002   Code   RO          321    i.NMI_Handler       stm32f1xx_it.o
    0x080038aa   0x080038aa   0x00000002   PAD
    0x080038ac   0x080038ac   0x000000a8   Code   RO           57    i.Parse_UART_Command  main.o
    0x08003954   0x08003954   0x00000002   Code   RO          322    i.PendSV_Handler    stm32f1xx_it.o
    0x08003956   0x08003956   0x00000002   PAD
    0x08003958   0x08003958   0x00000018   Code   RO           58    i.Process_Encoder_Event  main.o
    0x08003970   0x08003970   0x00000098   Code   RO           59    i.Process_Motor_State_Machine  main.o
    0x08003a08   0x08003a08   0x00000024   Code   RO           60    i.Process_Speed_Calculation  main.o
    0x08003a2c   0x08003a2c   0x0000002c   Code   RO           61    i.Process_UART_Reception  main.o
    0x08003a58   0x08003a58   0x00000050   Code   RO           62    i.Run_Control_Algorithm  main.o
    0x08003aa8   0x08003aa8   0x00000002   Code   RO          323    i.SVC_Handler       stm32f1xx_it.o
    0x08003aaa   0x08003aaa   0x00000002   PAD
    0x08003aac   0x08003aac   0x00000058   Code   RO           63    i.Send_Telemetry_Data  main.o
    0x08003b04   0x08003b04   0x0000002c   Code   RO           64    i.Stop_Motor        main.o
    0x08003b30   0x08003b30   0x00000004   Code   RO          324    i.SysTick_Handler   stm32f1xx_it.o
    0x08003b34   0x08003b34   0x00000050   Code   RO           65    i.SystemClock_Config  main.o
    0x08003b84   0x08003b84   0x00000002   Code   RO         2832    i.SystemInit        system_stm32f1xx.o
    0x08003b86   0x08003b86   0x00000002   PAD
    0x08003b88   0x08003b88   0x0000000c   Code   RO          325    i.TIM1_UP_IRQHandler  stm32f1xx_it.o
    0x08003b94   0x08003b94   0x0000000c   Code   RO          326    i.TIM3_IRQHandler   stm32f1xx_it.o
    0x08003ba0   0x08003ba0   0x00000078   Code   RO          613    i.TIM_Base_SetConfig  stm32f1xx_hal_tim.o
    0x08003c18   0x08003c18   0x0000001a   Code   RO          614    i.TIM_CCxChannelCmd  stm32f1xx_hal_tim.o
    0x08003c32   0x08003c32   0x00000014   Code   RO          624    i.TIM_ETR_SetConfig  stm32f1xx_hal_tim.o
    0x08003c46   0x08003c46   0x00000010   Code   RO          625    i.TIM_ITRx_SetConfig  stm32f1xx_hal_tim.o
    0x08003c56   0x08003c56   0x00000002   PAD
    0x08003c58   0x08003c58   0x00000050   Code   RO          626    i.TIM_OC1_SetConfig  stm32f1xx_hal_tim.o
    0x08003ca8   0x08003ca8   0x00000058   Code   RO          627    i.TIM_OC2_SetConfig  stm32f1xx_hal_tim.o
    0x08003d00   0x08003d00   0x00000058   Code   RO          628    i.TIM_OC3_SetConfig  stm32f1xx_hal_tim.o
    0x08003d58   0x08003d58   0x00000044   Code   RO          629    i.TIM_OC4_SetConfig  stm32f1xx_hal_tim.o
    0x08003d9c   0x08003d9c   0x00000022   Code   RO          631    i.TIM_TI1_ConfigInputStage  stm32f1xx_hal_tim.o
    0x08003dbe   0x08003dbe   0x00000024   Code   RO          633    i.TIM_TI2_ConfigInputStage  stm32f1xx_hal_tim.o
    0x08003de2   0x08003de2   0x00000010   Code   RO         2511    i.UART_DMAAbortOnError  stm32f1xx_hal_uart.o
    0x08003df2   0x08003df2   0x0000004e   Code   RO         2521    i.UART_EndRxTransfer  stm32f1xx_hal_uart.o
    0x08003e40   0x08003e40   0x000000c2   Code   RO         2523    i.UART_Receive_IT   stm32f1xx_hal_uart.o
    0x08003f02   0x08003f02   0x00000002   PAD
    0x08003f04   0x08003f04   0x000000b8   Code   RO         2524    i.UART_SetConfig    stm32f1xx_hal_uart.o
    0x08003fbc   0x08003fbc   0x00000036   Code   RO         2526    i.UART_Start_Receive_IT  stm32f1xx_hal_uart.o
    0x08003ff2   0x08003ff2   0x00000072   Code   RO         2527    i.UART_WaitOnFlagUntilTimeout  stm32f1xx_hal_uart.o
    0x08004064   0x08004064   0x0000000c   Code   RO          327    i.USART1_IRQHandler  stm32f1xx_it.o
    0x08004070   0x08004070   0x00000090   Code   RO           66    i.Update_Setpoint_Logic  main.o
    0x08004100   0x08004100   0x00000002   Code   RO          328    i.UsageFault_Handler  stm32f1xx_it.o
    0x08004102   0x08004102   0x00000028   Code   RO         3124    i.__ARM_fpclassify  m_ws.l(fpclassify.o)
    0x0800412a   0x0800412a   0x00000020   Code   RO         1981    i.__NVIC_SetPriority  stm32f1xx_hal_cortex.o
    0x0800414a   0x0800414a   0x00000002   PAD
    0x0800414c   0x0800414c   0x00000388   Code   RO         3034    i.__ieee754_rem_pio2  m_ws.l(rred.o)
    0x080044d4   0x080044d4   0x000000fc   Code   RO         3017    i.__kernel_cos      m_ws.l(cos_i.o)
    0x080045d0   0x080045d0   0x000000aa   Code   RO         3126    i.__kernel_poly     m_ws.l(poly.o)
    0x0800467a   0x0800467a   0x00000002   PAD
    0x0800467c   0x0800467c   0x000000ec   Code   RO         3039    i.__kernel_sin      m_ws.l(sin_i.o)
    0x08004768   0x08004768   0x00000006   Code   RO         3021    i.__mathlib_dbl_infnan  m_ws.l(dunder.o)
    0x0800476e   0x0800476e   0x0000000c   Code   RO         3023    i.__mathlib_dbl_invalid  m_ws.l(dunder.o)
    0x0800477a   0x0800477a   0x0000000e   Code   RO         3024    i.__mathlib_dbl_overflow  m_ws.l(dunder.o)
    0x08004788   0x08004788   0x00000010   Code   RO         3026    i.__mathlib_dbl_underflow  m_ws.l(dunder.o)
    0x08004798   0x08004798   0x00000010   Code   RO         3210    i.__mathlib_narrow  m_ws.l(narrow.o)
    0x080047a8   0x080047a8   0x000000bc   Code   RO         3211    i.__mathlib_tofloat  m_ws.l(narrow.o)
    0x08004864   0x08004864   0x00000016   Code   RO         3253    i.__support_ldexp   m_ws.l(ldexp.o)
    0x0800487a   0x0800487a   0x0000000e   Code   RO         2886    i._is_digit         c_w.l(__printf_wp.o)
    0x08004888   0x08004888   0x0000002a   Code   RO         2966    i.atof              m_ws.l(atof.o)
    0x080048b2   0x080048b2   0x00000002   PAD
    0x080048b4   0x080048b4   0x0000003c   Code   RO           67    i.calculate_motor_speed_rpm  main.o
    0x080048f0   0x080048f0   0x00000058   Code   RO         3234    i.frexp             m_ws.l(frexp.o)
    0x08004948   0x08004948   0x00000074   Code   RO         3254    i.ldexp             m_ws.l(ldexp.o)
    0x080049bc   0x080049bc   0x000000b0   Code   RO           68    i.main              main.o
    0x08004a6c   0x08004a6c   0x00000038   Code   RO           69    i.percent_to_duty   main.o
    0x08004aa4   0x08004aa4   0x00000094   Code   RO         2969    i.round             m_ws.l(round.o)
    0x08004b38   0x08004b38   0x00000060   Code   RO           72    i.send_uart_3float  main.o
    0x08004b98   0x08004b98   0x000000a0   Code   RO         2972    i.sin               m_ws.l(sin.o)
    0x08004c38   0x08004c38   0x0000002c   Code   RO         3108    locale$$code        c_w.l(lc_numeric_c.o)
    0x08004c64   0x08004c64   0x0000002c   Code   RO         3135    locale$$code        c_w.l(lc_ctype_c.o)
    0x08004c90   0x08004c90   0x00000062   Code   RO         2909    x$fpl$d2f           fz_ws.l(d2f.o)
    0x08004cf2   0x08004cf2   0x00000002   PAD
    0x08004cf4   0x08004cf4   0x00000150   Code   RO         2911    x$fpl$dadd          fz_ws.l(daddsub_clz.o)
    0x08004e44   0x08004e44   0x00000010   Code   RO         3000    x$fpl$dcheck1       fz_ws.l(dcheck1.o)
    0x08004e54   0x08004e54   0x00000018   Code   RO         3002    x$fpl$dcmpinf       fz_ws.l(dcmpi.o)
    0x08004e6c   0x08004e6c   0x000002b0   Code   RO         2918    x$fpl$ddiv          fz_ws.l(ddiv.o)
    0x0800511c   0x0800511c   0x00000078   Code   RO         3231    x$fpl$deqf          fz_ws.l(deqf.o)
    0x08005194   0x08005194   0x0000005e   Code   RO         3114    x$fpl$dfix          fz_ws.l(dfix.o)
    0x080051f2   0x080051f2   0x00000002   PAD
    0x080051f4   0x080051f4   0x0000005a   Code   RO         2921    x$fpl$dfixu         fz_ws.l(dfixu.o)
    0x0800524e   0x0800524e   0x0000002e   Code   RO         2926    x$fpl$dflt          fz_ws.l(dflt_clz.o)
    0x0800527c   0x0800527c   0x00000026   Code   RO         2925    x$fpl$dfltu         fz_ws.l(dflt_clz.o)
    0x080052a2   0x080052a2   0x00000002   PAD
    0x080052a4   0x080052a4   0x00000078   Code   RO         2931    x$fpl$dleqf         fz_ws.l(dleqf.o)
    0x0800531c   0x0800531c   0x00000154   Code   RO         2933    x$fpl$dmul          fz_ws.l(dmul.o)
    0x08005470   0x08005470   0x0000009c   Code   RO         3004    x$fpl$dnaninf       fz_ws.l(dnaninf.o)
    0x0800550c   0x0800550c   0x0000000c   Code   RO         3006    x$fpl$dretinf       fz_ws.l(dretinf.o)
    0x08005518   0x08005518   0x0000006c   Code   RO         2935    x$fpl$drleqf        fz_ws.l(drleqf.o)
    0x08005584   0x08005584   0x000000b4   Code   RO         3008    x$fpl$drnd          fz_ws.l(drnd.o)
    0x08005638   0x08005638   0x00000016   Code   RO         2912    x$fpl$drsb          fz_ws.l(daddsub_clz.o)
    0x0800564e   0x0800564e   0x00000002   PAD
    0x08005650   0x08005650   0x000001d4   Code   RO         2913    x$fpl$dsub          fz_ws.l(daddsub_clz.o)
    0x08005824   0x08005824   0x00000056   Code   RO         2937    x$fpl$f2d           fz_ws.l(f2d.o)
    0x0800587a   0x0800587a   0x00000002   PAD
    0x0800587c   0x0800587c   0x000000c4   Code   RO         2939    x$fpl$fadd          fz_ws.l(faddsub_clz.o)
    0x08005940   0x08005940   0x00000018   Code   RO         3010    x$fpl$fcmpinf       fz_ws.l(fcmpi.o)
    0x08005958   0x08005958   0x00000184   Code   RO         2946    x$fpl$fdiv          fz_ws.l(fdiv.o)
    0x08005adc   0x08005adc   0x00000026   Code   RO         2949    x$fpl$ffltu         fz_ws.l(fflt_clz.o)
    0x08005b02   0x08005b02   0x00000002   PAD
    0x08005b04   0x08005b04   0x00000068   Code   RO         2955    x$fpl$fleqf         fz_ws.l(fleqf.o)
    0x08005b6c   0x08005b6c   0x00000102   Code   RO         2957    x$fpl$fmul          fz_ws.l(fmul.o)
    0x08005c6e   0x08005c6e   0x0000008c   Code   RO         3012    x$fpl$fnaninf       fz_ws.l(fnaninf.o)
    0x08005cfa   0x08005cfa   0x0000000a   Code   RO         3014    x$fpl$fretinf       fz_ws.l(fretinf.o)
    0x08005d04   0x08005d04   0x000000ea   Code   RO         2941    x$fpl$fsub          fz_ws.l(faddsub_clz.o)
    0x08005dee   0x08005dee   0x00000006   Code   RO         3118    x$fpl$ieeestatus    fz_ws.l(istatus.o)
    0x08005df4   0x08005df4   0x00000004   Code   RO         2961    x$fpl$printf1       fz_ws.l(printf1.o)
    0x08005df8   0x08005df8   0x00000064   Code   RO         3120    x$fpl$retnan        fz_ws.l(retnan.o)
    0x08005e5c   0x08005e5c   0x0000005c   Code   RO         2963    x$fpl$scalbn        fz_ws.l(scalbn.o)
    0x08005eb8   0x08005eb8   0x00000004   Code   RO         3122    x$fpl$scanf1        fz_ws.l(scanf1.o)
    0x08005ebc   0x08005ebc   0x00000008   Code   RO         3204    x$fpl$scanf2        fz_ws.l(scanf2.o)
    0x08005ec4   0x08005ec4   0x00000030   Code   RO         3192    x$fpl$trapveneer    fz_ws.l(trapv.o)
    0x08005ef4   0x08005ef4   0x00000000   Code   RO         3016    x$fpl$usenofp       fz_ws.l(usenofp.o)
    0x08005ef4   0x08005ef4   0x00000012   Data   RO         1679    .constdata          stm32f1xx_hal_rcc.o
    0x08005f06   0x08005f06   0x00000010   Data   RO         2833    .constdata          system_stm32f1xx.o
    0x08005f16   0x08005f16   0x00000008   Data   RO         2834    .constdata          system_stm32f1xx.o
    0x08005f1e   0x08005f1e   0x00000002   PAD
    0x08005f20   0x08005f20   0x00000030   Data   RO         3018    .constdata          m_ws.l(cos_i.o)
    0x08005f50   0x08005f50   0x000000c8   Data   RO         3036    .constdata          m_ws.l(rred.o)
    0x08006018   0x08006018   0x00000028   Data   RO         3040    .constdata          m_ws.l(sin_i.o)
    0x08006040   0x08006040   0x00000094   Data   RO         3083    .constdata          c_w.l(bigflt0.o)
    0x080060d4   0x080060d4   0x00000020   Data   RO         3316    Region$$Table       anon$$obj.o
    0x080060f4   0x080060f4   0x00000008   Data   RO         3198    c$$dinf             fz_ws.l(fpconst.o)
    0x080060fc   0x080060fc   0x00000008   Data   RO         3201    c$$dmax             fz_ws.l(fpconst.o)
    0x08006104   0x08006104   0x0000001c   Data   RO         3107    locale$$data        c_w.l(lc_numeric_c.o)
    0x08006120   0x08006120   0x00000110   Data   RO         3134    locale$$data        c_w.l(lc_ctype_c.o)


    Execution Region RW_IRAM1 (Exec base: 0x20000000, Load base: 0x08006230, Size: 0x000008f0, Max: 0x00005000, ABSOLUTE)

    Exec Addr    Load Addr    Size         Type   Attr      Idx    E Section Name        Object

    0x20000000   0x08006230   0x00000070   Data   RW           13    .data               motor_control.o
    0x20000070   0x080062a0   0x00000028   Data   RW           74    .data               main.o
    0x20000098   0x080062c8   0x0000000c   Data   RW         1516    .data               stm32f1xx_hal.o
    0x200000a4   0x080062d4   0x00000004   Data   RW         2835    .data               system_stm32f1xx.o
    0x200000a8   0x080062d8   0x00000004   Data   RW         2901    .data               c_w.l(strtok.o)
    0x200000ac   0x080062dc   0x00000004   PAD
    0x200000b0        -       0x00000058   Zero   RW           12    .bss                motor_control.o
    0x20000108        -       0x00000184   Zero   RW           73    .bss                main.o
    0x2000028c        -       0x00000060   Zero   RW         3046    .bss                c_w.l(libspace.o)
    0x200002ec   0x080062dc   0x00000004   PAD
    0x200002f0        -       0x00000200   Zero   RW            2    HEAP                startup_stm32f103xb.o
    0x200004f0        -       0x00000400   Zero   RW            1    STACK               startup_stm32f103xb.o


==============================================================================

Image component sizes


      Code (inc. data)   RO Data    RW Data    ZI Data      Debug   Object Name

      1900        280          0         40        388     439710   main.o
       862         96          0        112         88       5725   motor_control.o
        64         26        236          0       1536        856   startup_stm32f103xb.o
       128         24          0         12          0       5605   stm32f1xx_hal.o
       198         14          0          0          0      29239   stm32f1xx_hal_cortex.o
       222          4          0          0          0       1903   stm32f1xx_hal_dma.o
       530         40          0          0          0       4320   stm32f1xx_hal_gpio.o
       412         54          0          0          0       3744   stm32f1xx_hal_msp.o
      1240         84         18          0          0       5376   stm32f1xx_hal_rcc.o
      1736         56          0          0          0      16588   stm32f1xx_hal_tim.o
       108         12          0          0          0       2577   stm32f1xx_hal_tim_ex.o
      1554         10          0          0          0      11572   stm32f1xx_hal_uart.o
        64         18          0          0          0       6180   stm32f1xx_it.o
         2          0         24          4          0       1251   system_stm32f1xx.o

    ----------------------------------------------------------------------
      9048        718        312        168       2012     534646   Object Totals
         0          0         32          0          0          0   (incl. Generated)
        28          0          2          0          0          0   (incl. Padding)

    ----------------------------------------------------------------------

      Code (inc. data)   RO Data    RW Data    ZI Data      Debug   Library Member Name

        44          6          0          0          0         84   __2sprintf.o
         8          0          0          0          0         68   __main.o
       284          0          0          0          0        156   __printf_wp.o
         0          0          0          0          0          0   __rtentry.o
        12          0          0          0          0          0   __rtentry2.o
         6          0          0          0          0          0   __rtentry4.o
        52          8          0          0          0          0   __scatter.o
        26          0          0          0          0          0   __scatter_copy.o
        28          0          0          0          0          0   __scatter_zi.o
        28          0          0          0          0         68   _chval.o
        48          6          0          0          0         96   _printf_char_common.o
         6          0          0          0          0          0   _printf_f.o
      1054          0          0          0          0        216   _printf_fp_dec.o
       128         16          0          0          0         84   _printf_fp_infnan.o
         0          0          0          0          0          0   _printf_percent.o
         4          0          0          0          0          0   _printf_percent_end.o
        22          0          0          0          0        100   _rserrno.o
        64          0          0          0          0         84   _sgetc.o
        10          0          0          0          0         68   _sputc.o
       158          0          0          0          0         92   _strtoul.o
        26          0          0          0          0         80   atoi.o
       228          4        148          0          0         96   bigflt0.o
      2152        136          0          0          0        960   btod.o
        18          0          0          0          0         80   exit.o
         6          0          0          0          0        152   heapauxi.o
         0          0          0          0          0          0   indicate_semi.o
        18          0          0          0          0         76   isspace.o
        44         10        272          0          0         76   lc_ctype_c.o
        44         10         28          0          0         76   lc_numeric_c.o
         2          0          0          0          0          0   libinit.o
        30          0          0          0          0          0   libinit2.o
         2          0          0          0          0          0   libshutdown.o
         2          0          0          0          0          0   libshutdown2.o
         8          4          0          0         96         68   libspace.o
        38          0          0          0          0         68   llshl.o
       138          0          0          0          0         80   lludiv10.o
        16          4          0          0          0         76   rt_ctype_table.o
         8          4          0          0          0         68   rt_errno_addr_intlibspace.o
         8          4          0          0          0         68   rt_locale_intlibspace.o
        78          0          0          0          0         80   rt_memclr_w.o
         2          0          0          0          0          0   rtexit.o
        10          0          0          0          0          0   rtexit2.o
      1272         16          0          0          0        168   scanf_fp.o
       800         14          0          0          0        100   scanf_hexfp.o
       308         16          0          0          0        100   scanf_infnan.o
       128          0          0          0          0         68   strcmpv7m.o
        32          0          0          0          0         80   strcspn.o
        28          0          0          0          0         80   strspn.o
       164         14          0          0          0        120   strtod.o
        12          6          0          4          0         68   strtok.o
        68          4          0          0          0         84   strtok_int.o
       112          0          0          0          0         88   strtol.o
        12          4          0          0          0         68   sys_exit.o
        74          0          0          0          0         80   sys_stackheap_outer.o
         2          0          0          0          0         68   use_no_semi.o
        98          4          0          0          0         92   d2f.o
       826         16          0          0          0        348   daddsub_clz.o
        16          4          0          0          0         68   dcheck1.o
        24          0          0          0          0         68   dcmpi.o
       688        140          0          0          0        208   ddiv.o
       120          4          0          0          0         92   deqf.o
        94          4          0          0          0         92   dfix.o
        90          4          0          0          0         92   dfixu.o
        84          0          0          0          0        136   dflt_clz.o
       120          4          0          0          0         92   dleqf.o
       340         12          0          0          0        104   dmul.o
       156          4          0          0          0         92   dnaninf.o
        12          0          0          0          0         68   dretinf.o
       108          0          0          0          0         80   drleqf.o
       180          4          0          0          0         80   drnd.o
        86          4          0          0          0         84   f2d.o
       430          8          0          0          0        168   faddsub_clz.o
        24          0          0          0          0         68   fcmpi.o
       388         76          0          0          0         96   fdiv.o
        38          0          0          0          0         68   fflt_clz.o
       104          4          0          0          0         84   fleqf.o
       258          4          0          0          0         84   fmul.o
       140          4          0          0          0         84   fnaninf.o
         0          0         16          0          0          0   fpconst.o
        10          0          0          0          0         68   fretinf.o
         6          0          0          0          0         68   istatus.o
         4          0          0          0          0         68   printf1.o
       100          0          0          0          0         68   retnan.o
        92          0          0          0          0         68   scalbn.o
         4          0          0          0          0         68   scanf1.o
         8          0          0          0          0         84   scanf2.o
        48          0          0          0          0         68   trapv.o
         0          0          0          0          0          0   usenofp.o
        42          0          0          0          0         84   atof.o
       252         22         48          0          0        124   cos_i.o
        48          6          0          0          0        272   dunder.o
        40          0          0          0          0         68   fpclassify.o
        88          8          0          0          0         76   frexp.o
       138          0          0          0          0        160   ldexp.o
       204          4          0          0          0        168   narrow.o
       170          0          0          0          0         96   poly.o
       148         12          0          0          0         88   round.o
       904         76        200          0          0        140   rred.o
       160         10          0          0          0        108   sin.o
       236         12         40          0          0        128   sin_i.o

    ----------------------------------------------------------------------
     15024        736        752          4        104       8912   Library Totals
        26          0          0          0          8          0   (incl. Padding)

    ----------------------------------------------------------------------

      Code (inc. data)   RO Data    RW Data    ZI Data      Debug   Library Name

      7872        286        448          4         96       4392   c_w.l
      4696        300         16          0          0       3008   fz_ws.l
      2430        150        288          0          0       1512   m_ws.l

    ----------------------------------------------------------------------
     15024        736        752          4        104       8912   Library Totals

    ----------------------------------------------------------------------

==============================================================================


      Code (inc. data)   RO Data    RW Data    ZI Data      Debug   

     24072       1454       1064        172       2116     533518   Grand Totals
     24072       1454       1064        172       2116     533518   ELF Image Totals
     24072       1454       1064        172          0          0   ROM Totals

==============================================================================

    Total RO  Size (Code + RO Data)                25136 (  24.55kB)
    Total RW  Size (RW Data + ZI Data)              2288 (   2.23kB)
    Total ROM Size (Code + RO Data + RW Data)      25308 (  24.71kB)

==============================================================================

